[36mvite v8.2.2 [32mbuilding client environment for production...[36m[39m
transforming...
✓ 194 modules transformed.
rendering chunks...
computing gzip size...
dist/index.html                                                1.25 kB │ gzip:  0.61 kB
dist/assets/alkaros-logo-on-dark-CmVDjlL_.png                 32.94 kB
dist/assets/CustomerDisplayScreensaverSettings-C7nv96pV.css    0.50 kB │ gzip:  0.27 kB
dist/assets/BusinessIdentitySettings-D6KWlPnp.css              0.93 kB │ gzip:  0.43 kB
dist/assets/management-security-system-C6fZZsnO.css            2.33 kB │ gzip:  0.69 kB
dist/assets/NfcOrder-CBydcfmS.css                              4.24 kB │ gzip:  1.24 kB
dist/assets/design-system-CFu97vtJ.css                         6.32 kB │ gzip:  1.88 kB
dist/assets/index-CkekQFWV.css                                27.28 kB │ gzip:  6.86 kB
dist/assets/workspace-CmuMtmf4.css                            84.81 kB │ gzip: 12.95 kB
dist/assets/format-C2ZSrFr6.js                                 0.18 kB │ gzip:  0.14 kB
dist/assets/storage-Ck3mJz4b.js                                0.27 kB │ gzip:  0.17 kB
dist/assets/rolldown-runtime-C4N-s-pu.js                       0.47 kB │ gzip:  0.30 kB
dist/assets/SecurityAdministration-CvSRwx5N.js                 2.37 kB │ gzip:  1.00 kB
dist/assets/ReservationStation-BElOXYcB.js                     3.21 kB │ gzip:  1.25 kB
dist/assets/NfcOrder-BBHyQX9S.js                               5.28 kB │ gzip:  1.86 kB
dist/assets/TokenTerminalSettings-CLGE7UKZ.js                  5.44 kB │ gzip:  1.91 kB
dist/assets/CustomerDisplayScreensaverSettings-n_KX2B18.js     5.96 kB │ gzip:  2.06 kB
dist/assets/RelaySettings-CgsRH4Ot.js                          6.00 kB │ gzip:  1.87 kB
dist/assets/api-4GtB4rQ3.js                                    6.02 kB │ gzip:  1.84 kB
dist/assets/design-system-CY0KFKyk.js                          6.76 kB │ gzip:  2.51 kB
dist/assets/BusinessIdentitySettings-BKwaseLg.js               7.90 kB │ gzip:  2.45 kB
dist/assets/QnbCredentialSettings-DbINAL1v.js                  8.37 kB │ gzip:  2.74 kB
dist/assets/CustomerDisplay-CX5VukeT.js                       10.04 kB │ gzip:  3.25 kB
dist/assets/management-security-system-C2VgJWp_.js            15.10 kB │ gzip:  4.77 kB
dist/assets/Cashier-vJrK-Cpd.js                               17.93 kB │ gzip:  5.52 kB
dist/assets/strings-CXlB4i03.js                               18.86 kB │ gzip:  6.80 kB
dist/assets/HubConnectionBuilder-1O9QmF_w.js                  54.78 kB │ gzip: 14.03 kB
dist/assets/index-CJ4c6Ndo.js                                196.08 kB │ gzip: 61.76 kB
dist/assets/workspace-CoF1lqhX.js                            251.07 kB │ gzip: 61.19 kB

[32m✓ built in 608ms[39m
