APPLY 001 database/migrations/V1/V1-FND-002/001-idempotency-keys.up.sql
APPLY 002 database/migrations/V1/V1-FND-002/002-inbox-messages.up.sql
APPLY 003 database/migrations/V1/V1-FND-002/003-outbox-messages.up.sql
APPLY 005 database/migrations/V1/V1-IAM-001/005-users.up.sql
APPLY 006 database/migrations/V1/V1-CAT-001/006-catalog.up.sql
APPLY 007 database/migrations/V1/V1-CAT-002/007-catalog-pricing.up.sql
APPLY 008 database/migrations/V1/V1-IAM-002/008-identity-authorization.up.sql
psql:/workspace/database/migrations/V1/V1-IAM-002/008-identity-authorization.up.sql:1: NOTICE:  schema "identity" already exists, skipping
APPLY 009 database/migrations/V1/V1-IAM-003/009-identity-device-sessions.up.sql
psql:/workspace/database/migrations/V1/V1-IAM-003/009-identity-device-sessions.up.sql:1: NOTICE:  schema "identity" already exists, skipping
APPLY 010 database/migrations/V1/V1-TBL-001/010-tables.up.sql
APPLY 011 database/migrations/V1/V1-ORD-001/011-orders.up.sql
APPLY 012 database/migrations/V1/V1-FND-021/012-btree-gist-ownership.up.sql
psql:/workspace/database/migrations/V1/V1-FND-021/012-btree-gist-ownership.up.sql:1: NOTICE:  extension "btree_gist" already exists, skipping
APPLY 013 database/migrations/V1/V1-IAM-012/013-device-session-lifetime.up.sql
APPLY 014 database/migrations/V1/V1-KIT-001/014-kitchen-tickets.up.sql
APPLY 015 database/migrations/V1/V1-OPS-001/015-audit-log.up.sql
psql:/workspace/database/migrations/V1/V1-OPS-001/015-audit-log.up.sql:37: NOTICE:  trigger "trg_audit_events_immutable" for relation "audit.audit_events" does not exist, skipping
APPLY 016 database/migrations/V1/V1-KIT-002/016-printer-routing.up.sql
psql:/workspace/database/migrations/V1/V1-KIT-002/016-printer-routing.up.sql:1: NOTICE:  schema "kitchen" already exists, skipping
APPLY 017 database/migrations/V1/V1-KIT-003/017-print-queue.up.sql
psql:/workspace/database/migrations/V1/V1-KIT-003/017-print-queue.up.sql:1: NOTICE:  schema "kitchen" already exists, skipping
APPLY 018 database/migrations/V1/V1-KIT-004/018-physical-print-recovery.up.sql
psql:/workspace/database/migrations/V1/V1-KIT-004/018-physical-print-recovery.up.sql:1: NOTICE:  schema "kitchen" already exists, skipping
APPLY 019 database/migrations/V1/V1-BIL-001/019-billing.up.sql
APPLY 020 database/migrations/V1/V1-BIL-002/020-split-design.up.sql
APPLY 021 database/migrations/V1/V1-BIL-003/021-bill-adjustments.up.sql
APPLY 022 database/migrations/V1/V1-CAT-003/022-catalog-current-price-bound.up.sql
APPLY 023 database/migrations/V1/V1-TBL-002/023-table-transfers.up.sql
APPLY 024 database/migrations/V1/V1-TBL-003/024-table-merges.up.sql
APPLY 025 database/migrations/V1/V1-TBL-004/025-table-reservations.up.sql
APPLY 026 database/migrations/V1/V1-SET-001/026-typed-settings.up.sql
APPLY 027 database/migrations/V1/V1-ALT-001/027-alerts.up.sql
APPLY 028 database/migrations/V1/V1-OBS-001/028-health-checks.up.sql
psql:/workspace/database/migrations/V1/V1-OBS-001/028-health-checks.up.sql:7: NOTICE:  schema "observability" already exists, skipping
APPLY 029 database/migrations/V1/V1-OPS-002/029-backup-health.up.sql
APPLY 030 database/migrations/V1/V1-REC-001/030-reconciliation-cases.up.sql
APPLY 031 database/migrations/V1/V1-RPT-001/031-operational-reports.up.sql
APPLY 032 database/migrations/V1/V1-BIL-004/032-billing-composite-integrity.up.sql
APPLY 033 database/migrations/V1/V1-FND-019/033-message-lease-generation.up.sql
APPLY 034 database/migrations/V1/V1-KIT-004/034-reprint-claim-state.up.sql
APPLY 035 database/migrations/V1/V1-RPT-001/035-single-open-business-day.up.sql
APPLY 036 database/migrations/V1/V1-RMD-002/036-nonnegative-line-amounts.up.sql
APPLY 037 database/migrations/V1/V1-RMD-002/037-physical-print-stale-recovery.up.sql
APPLY 038 database/migrations/V1/V1-RMD-006/038-dual-screen-pos.up.sql
MIGRATIONS_APPLIED=37
