# V1-RMD-434 audit run on 97e69490 + Done
## Task ID uniqueness (each ID in exactly one plan file)
V1-RMD-393: plan/v1/remediation/V1-RMD-393-money-flow-targeted-audit.md 
V1-RMD-394: plan/v1/remediation/V1-RMD-394-ci-gate-restore.md 
V1-RMD-395: plan/v1/remediation/V1-RMD-395-production-experience-registers-unit-converter.md 
V1-RMD-396: plan/v1/remediation/V1-RMD-396-composition-test-factory-registered-consumers.md 
V1-RMD-397: 
V1-RMD-429: plan/v1/remediation/V1-RMD-429-api-route-authorization-architecture-test.md 
V1-RMD-430: plan/v1/remediation/V1-RMD-430-mutating-endpoint-idempotency-test.md 
V1-RMD-431: plan/v1/remediation/V1-RMD-431-shared-api-error-handler.md 
V1-RMD-432: plan/v1/remediation/V1-RMD-432-posterminal-lint-accessibility.md 
V1-RMD-433: plan/v1/remediation/V1-RMD-433-evidence-file-rule-alignment.md 
V1-RMD-434: plan/v1/remediation/V1-RMD-434-renumber-master-layer-quality-tasks.md 
## plan_audit_tool validate
Validation errors: 0
Validation warnings: 0
## consistency_audit
consistency-audit: clean
## task scope intersection vs origin/master (748f082e), tasks V1-RMD-393..396, 398..428, 434, V14-RMD-001
metadata errors: none; uncovered paths: none
V1-RMD-434 alone covers the 5 deleted master paths V1-RMD-393..397 (layer-quality names) and the 5 new V1-RMD-429..433 paths
