src/router.test.tsx:14:3: warning react(globals): Cannot reassign variables declared outside of the component/hook help: Variable `seen` is declared outside of the component/hook. Reassigning this value during render is a side effect which can cause unpredictable behavior. If this variable is used in rendering, use useState instead. Otherwise, update it in an effect
src/routes/Cashier.logout-clears-storage.test.tsx:52:67: warning eslint(no-unused-vars): Parameter 'init' is declared but never used. Unused parameters should start with a '_'. help: Consider removing this parameter.
src/design-system/primitives.tsx:139:8: warning jsx-a11y(no-noninteractive-element-interactions): Non-interactive elements should not be assigned mouse or keyboard event listeners. help: Move the handler to an interactive element, or use an appropriate interactive role.
src/design-system/primitives.tsx:162:6: warning jsx-a11y(no-noninteractive-element-interactions): Non-interactive elements should not be assigned mouse or keyboard event listeners. help: Move the handler to an interactive element, or use an appropriate interactive role.
src/routes/BusinessIdentitySettings.tsx:246:115: warning jsx-a11y(no-autofocus): The `autoFocus` attribute is found here, which can cause usability issues for sighted and non-sighted users. help: Remove the `autoFocus` attribute.
src/routes/SecurityAdministration.tsx:98:115: warning jsx-a11y(no-autofocus): The `autoFocus` attribute is found here, which can cause usability issues for sighted and non-sighted users. help: Remove the `autoFocus` attribute.
src/routes/ReservationStation.tsx:111:115: warning jsx-a11y(no-autofocus): The `autoFocus` attribute is found here, which can cause usability issues for sighted and non-sighted users. help: Remove the `autoFocus` attribute.
src/features/tables/TableWorkspace.test.tsx:7:10: warning eslint(no-unused-vars): Identifier 'ApiError' is imported but never used. help: Consider removing this import.
src/routes/Cashier.tsx:249:18: warning react-hooks(exhaustive-deps): The ref's value `.current` is accessed directly in the effect cleanup function. help: The ref value will likely have changed by the time this effect cleanup function runs. If this ref points to a node rendered by react, copy it to a variable inside the effect and use that variable in the cleanup function.
src/routes/Cashier.tsx:390:15: warning jsx-a11y(no-autofocus): The `autoFocus` attribute is found here, which can cause usability issues for sighted and non-sighted users. help: Remove the `autoFocus` attribute.
src/routes/Cashier.tsx:561:73: warning jsx-a11y(no-noninteractive-element-to-interactive-role): Non-interactive elements should not be assigned interactive roles. help: Remove the interactive role or use an appropriate interactive element instead.
src/routes/Cashier.tsx:723:10: warning jsx-a11y(no-static-element-interactions): Static HTML elements with event handlers require a role. help: Add a role attribute to this element, or use a semantic HTML element instead.
src/routes/Cashier.tsx:726:12: warning jsx-a11y(no-noninteractive-element-interactions): Non-interactive elements should not be assigned mouse or keyboard event listeners. help: Move the handler to an interactive element, or use an appropriate interactive role.
src/routes/RelaySettings.tsx:178:115: warning jsx-a11y(no-autofocus): The `autoFocus` attribute is found here, which can cause usability issues for sighted and non-sighted users. help: Remove the `autoFocus` attribute.
src/routes/CustomerDisplayScreensaverSettings.tsx:189:115: warning jsx-a11y(no-autofocus): The `autoFocus` attribute is found here, which can cause usability issues for sighted and non-sighted users. help: Remove the `autoFocus` attribute.
src/routes/QnbCredentialSettings.tsx:158:115: warning jsx-a11y(no-autofocus): The `autoFocus` attribute is found here, which can cause usability issues for sighted and non-sighted users. help: Remove the `autoFocus` attribute.
src/routes/TokenTerminalSettings.tsx:174:115: warning jsx-a11y(no-autofocus): The `autoFocus` attribute is found here, which can cause usability issues for sighted and non-sighted users. help: Remove the `autoFocus` attribute.
src/features/billing/BillSplitWorkspace.tsx:142:313: warning jsx-a11y(label-has-associated-control): A form label must have accessible text. help: Ensure the label either has text inside it or is accessibly labelled using an attribute such as `aria-label`, or `aria-labelledby`. You can mark more attributes as accessible labels by configuring the `labelAttributes` option.
src/features/kitchen-operations/KitchenOperationsWorkspace.tsx:80:10: warning eslint(no-unused-vars): Function 'nextItemState' is declared but never used. help: Consider removing this declaration.
[36mvite v8.2.2 [32mbuilding client environment for production...[36m[39m
transforming...
✓ 205 modules transformed.
rendering chunks...
computing gzip size...
dist/index.html                                                1.25 kB │ gzip:  0.61 kB
dist/assets/alkaros-logo-on-dark-CmVDjlL_.png                 32.94 kB
dist/assets/CustomerDisplayScreensaverSettings-C7nv96pV.css    0.50 kB │ gzip:  0.27 kB
dist/assets/BusinessIdentitySettings-D6KWlPnp.css              0.93 kB │ gzip:  0.43 kB
dist/assets/management-security-system-C6fZZsnO.css            2.33 kB │ gzip:  0.69 kB
dist/assets/NfcOrder-KNdAOhPu.css                              4.71 kB │ gzip:  1.35 kB
dist/assets/design-system-CFu97vtJ.css                         6.32 kB │ gzip:  1.88 kB
dist/assets/index-CkekQFWV.css                                27.28 kB │ gzip:  6.86 kB
dist/assets/workspace-DgYm3cs5.css                            86.19 kB │ gzip: 13.02 kB
dist/assets/format-C2ZSrFr6.js                                 0.18 kB │ gzip:  0.14 kB
dist/assets/storage-Ck3mJz4b.js                                0.27 kB │ gzip:  0.17 kB
dist/assets/rolldown-runtime-C4N-s-pu.js                       0.47 kB │ gzip:  0.30 kB
dist/assets/SecurityAdministration-BJ_w8C48.js                 2.37 kB │ gzip:  0.99 kB
dist/assets/ReservationStation-u_RfB2cy.js                     3.21 kB │ gzip:  1.25 kB
dist/assets/TokenTerminalSettings-Dln7L2_F.js                  5.44 kB │ gzip:  1.91 kB
dist/assets/CustomerDisplayScreensaverSettings-o_qUXW1D.js     5.96 kB │ gzip:  2.06 kB
dist/assets/RelaySettings-DjsK8mIR.js                          6.00 kB │ gzip:  1.87 kB
dist/assets/api-4GtB4rQ3.js                                    6.02 kB │ gzip:  1.84 kB
dist/assets/design-system-D0FRmNrs.js                          6.76 kB │ gzip:  2.51 kB
dist/assets/BusinessIdentitySettings-CEML7PrG.js               7.90 kB │ gzip:  2.45 kB
dist/assets/NfcOrder-CCk6HEPN.js                               8.24 kB │ gzip:  2.67 kB
dist/assets/QnbCredentialSettings-B58Megk1.js                  8.41 kB │ gzip:  2.77 kB
dist/assets/CustomerDisplay-CAfD5Hd8.js                       10.04 kB │ gzip:  3.25 kB
dist/assets/management-security-system-qqjguk6N.js            15.10 kB │ gzip:  4.77 kB
dist/assets/Cashier-b4_m0tQS.js                               18.35 kB │ gzip:  5.69 kB
dist/assets/strings-BDYIdqSG.js                               21.73 kB │ gzip:  7.71 kB
dist/assets/HubConnectionBuilder-1O9QmF_w.js                  54.78 kB │ gzip: 14.03 kB
dist/assets/index-BQGsdz-1.js                                196.08 kB │ gzip: 61.76 kB
dist/assets/workspace-CmtRFyF2.js                            261.65 kB │ gzip: 63.32 kB

[32m✓ built in 670ms[39m
