  ALKAROS.IntegrationContracts -> D:\PROJECT\ALKAROS\src\BuildingBlocks\IntegrationContracts\bin\Debug\net8.0\ALKAROS.IntegrationContracts.dll
  ALKAROS.ModuleComposition -> D:\PROJECT\ALKAROS\src\BuildingBlocks\ModuleComposition\bin\Debug\net8.0\ALKAROS.ModuleComposition.dll
  ALKAROS.Measurements -> D:\PROJECT\ALKAROS\src\BuildingBlocks\Measurements\bin\Debug\net8.0\ALKAROS.Measurements.dll
  ALKAROS.Secrets -> D:\PROJECT\ALKAROS\src\BuildingBlocks\Security\Secrets\bin\Debug\net8.0\ALKAROS.Secrets.dll
  ALKAROS.Audit -> D:\PROJECT\ALKAROS\src\Modules\Audit\bin\Debug\net8.0\ALKAROS.Audit.dll
  ALKAROS.Identity -> D:\PROJECT\ALKAROS\src\Modules\Identity\bin\Debug\net8.0\ALKAROS.Identity.dll
  ALKAROS.Settings -> D:\PROJECT\ALKAROS\src\Modules\Settings\bin\Debug\net8.0\ALKAROS.Settings.dll
  ALKAROS.Privacy.RetentionExecution -> D:\PROJECT\ALKAROS\src\Modules\Privacy\RetentionExecution\bin\Debug\net8.0\ALKAROS.Privacy.RetentionExecution.dll
  ALKAROS.Messaging -> D:\PROJECT\ALKAROS\src\BuildingBlocks\Messaging\bin\Debug\net8.0\ALKAROS.Messaging.dll
  ALKAROS.Reconciliation -> D:\PROJECT\ALKAROS\src\Modules\Reconciliation\bin\Debug\net8.0\ALKAROS.Reconciliation.dll
  ALKAROS.Reporting -> D:\PROJECT\ALKAROS\src\Modules\Reporting\bin\Debug\net8.0\ALKAROS.Reporting.dll
  ALKAROS.Recipes -> D:\PROJECT\ALKAROS\src\Modules\Recipes\bin\Debug\net8.0\ALKAROS.Recipes.dll
  ALKAROS.Catalog -> D:\PROJECT\ALKAROS\src\Modules\Catalog\bin\Debug\net8.0\ALKAROS.Catalog.dll
  ALKAROS.Inventory -> D:\PROJECT\ALKAROS\src\Modules\Inventory\bin\Debug\net8.0\ALKAROS.Inventory.dll
  ALKAROS.Tables -> D:\PROJECT\ALKAROS\src\Modules\Tables\bin\Debug\net8.0\ALKAROS.Tables.dll
  ALKAROS.Observability -> D:\PROJECT\ALKAROS\src\Modules\Observability\bin\Debug\net8.0\ALKAROS.Observability.dll
  ALKAROS.TestHelpers -> D:\PROJECT\ALKAROS\tests\BuildingBlocks\TestHelpers\bin\Debug\net8.0\ALKAROS.TestHelpers.dll
  ALKAROS.SensitiveData -> D:\PROJECT\ALKAROS\src\BuildingBlocks\Security\SensitiveData\bin\Debug\net8.0\ALKAROS.SensitiveData.dll
  ALKAROS.Orders -> D:\PROJECT\ALKAROS\src\Modules\Orders\bin\Debug\net8.0\ALKAROS.Orders.dll
  ALKAROS.Support -> D:\PROJECT\ALKAROS\src\Modules\Support\bin\Debug\net8.0\ALKAROS.Support.dll
  ALKAROS.Purchasing -> D:\PROJECT\ALKAROS\src\Modules\Purchasing\bin\Debug\net8.0\ALKAROS.Purchasing.dll
  ALKAROS.Security -> D:\PROJECT\ALKAROS\src\Modules\Security\bin\Debug\net8.0\ALKAROS.Security.dll
  ALKAROS.Kitchen -> D:\PROJECT\ALKAROS\src\Modules\Kitchen\bin\Debug\net8.0\ALKAROS.Kitchen.dll
  ALKAROS.Billing -> D:\PROJECT\ALKAROS\src\Modules\Billing\bin\Debug\net8.0\ALKAROS.Billing.dll
  ALKAROS.CustomerData -> D:\PROJECT\ALKAROS\src\Modules\CustomerData\bin\Debug\net8.0\ALKAROS.CustomerData.dll
  ALKAROS.QrOrdering -> D:\PROJECT\ALKAROS\src\Modules\QrOrdering\bin\Debug\net8.0\ALKAROS.QrOrdering.dll
  ALKAROS.Menu -> D:\PROJECT\ALKAROS\src\Modules\Menu\bin\Debug\net8.0\ALKAROS.Menu.dll
  ALKAROS.Operations -> D:\PROJECT\ALKAROS\src\Modules\Operations\bin\Debug\net8.0\ALKAROS.Operations.dll
  ALKAROS.QrRelay -> D:\PROJECT\ALKAROS\src\Integrations\QrRelay\bin\Debug\net8.0\ALKAROS.QrRelay.dll
  ALKAROS.Payments -> D:\PROJECT\ALKAROS\src\Modules\Payments\bin\Debug\net8.0\ALKAROS.Payments.dll
  ALKAROS.Production -> D:\PROJECT\ALKAROS\src\Modules\Production\bin\Debug\net8.0\ALKAROS.Production.dll
  ALKAROS.Cash -> D:\PROJECT\ALKAROS\src\Modules\Cash\bin\Debug\net8.0\ALKAROS.Cash.dll
  ALKAROS.Billing.PaymentClosure -> D:\PROJECT\ALKAROS\src\Modules\Billing\PaymentClosure\bin\Debug\net8.0\ALKAROS.Billing.PaymentClosure.dll
  ALKAROS.OnlineOrdering -> D:\PROJECT\ALKAROS\src\Modules\OnlineOrdering\bin\Debug\net8.0\ALKAROS.OnlineOrdering.dll
  ALKAROS.Invoicing -> D:\PROJECT\ALKAROS\src\Modules\Invoicing\bin\Debug\net8.0\ALKAROS.Invoicing.dll
  ALKAROS.Payments.TenderComposition -> D:\PROJECT\ALKAROS\src\Modules\Payments\TenderComposition\bin\Debug\net8.0\ALKAROS.Payments.TenderComposition.dll
  ALKAROS.CustomerAccounts -> D:\PROJECT\ALKAROS\src\Modules\CustomerAccounts\bin\Debug\net8.0\ALKAROS.CustomerAccounts.dll
  ALKAROS.Host -> D:\PROJECT\ALKAROS\src\Host\bin\Debug\net8.0\ALKAROS.Host.dll
  ALKAROS.Host.Experience.Reporting.Tests -> D:\PROJECT\ALKAROS\tests\Host\Experience\Reporting\bin\Debug\net8.0\ALKAROS.Host.Experience.Reporting.Tests.dll
D:\PROJECT\ALKAROS\tests\Host\Experience\Reporting\bin\Debug\net8.0\ALKAROS.Host.Experience.Reporting.Tests.dll (.NETCoreApp,Version=v8.0) için test çalıştırması
Toplam 1 test dosyası belirtilen desenle eşleşti.
dotnet : [xUnit.net 00:00:11.82]     ALKAROS.Host.Experience.Reporting.Tests.EndOfDayHttpTests.CloseCountsTableAndQrOrd
ersButNotPlatformOrders [FAIL]
At line:1 char:617
+ ... unted.log"; dotnet test tests/Host/Experience/Reporting/ALKAROS.Host. ...
+                 ~~~~~~~~~~~~~~~~~~~~~~~~~~~~~~~~~~~~~~~~~~~~~~~~~~~~~~~~~
    + CategoryInfo          : NotSpecified: ([xUnit.net 00:0...rmOrders [FAIL]:String) [], RemoteException
    + FullyQualifiedErrorId : NativeCommandError
 
  Başarısız ALKAROS.Host.Experience.Reporting.Tests.EndOfDayHttpTests.CloseCountsTableAndQrOrdersButNotPlatformOrders [80 ms]
  Hata İletisi:
   Assert.Equal() Failure: Values differ
Expected: 2
Actual:   4
  Yığın İzleme:
     at ALKAROS.Host.Experience.Reporting.Tests.EndOfDayHttpTests.CloseCountsTableAndQrOrdersButNotPlatformOrders() in D:\PROJECT\ALKAROS\tests\Host\Experience\Reporting\EndOfDayHttpTests.cs:line 143
--- End of stack trace from previous location ---

Başarısız! - Başarısız:     1, Başarılı:     6, Atlanan:     0, Toplam:     7, Süre: 13 s - ALKAROS.Host.Experience.Reporting.Tests.dll (net8.0)
