# V1-RMD-443 Cashier E2E: full suite on the real Host (Debug build of this working tree), real PostgreSQL 18, Chromium
  ✓   1 [chromium] › specs/01-login-and-catalog.spec.js:5:3 › Kasiyer girişi ve katalog › kasiyer giriş yapar, Kasa ekranı açılır ve katalog yüklenir (1.7s)
  ✓   2 [chromium] › specs/02-stock-badge-and-kitchen-dispatch.spec.js:5:3 › Kalan stok rozeti ve mutfağa gönderim (vanilla Cashier - /cashier) › ürün sepete eklenir, kalan-stok rozeti doğru görünür, sipariş mutfağa gönderilir (1.6s)
  ✓   3 [chromium] › specs/03-screensaver.spec.js:12:3 › Ekran koruyucu yükleme/kaldırma (PosTerminal /settings/screensaver + /display) › yönetici görsel yükler, müşteri ekranı Idle durumunda gösterir; kaldırınca varsayılan karta döner (5.6s)
  ✓   4 [chromium] › specs/04-complimentary-line.spec.js:5:3 › İkram sonrası hesap görünümü (PosTerminal Cashier.tsx) › ürün ikram edilir; gerçek fiyatıyla + ayrı bir indirim satırı olarak görünür (2.7s)
  ✓   5 [chromium] › specs/05-cash-session-lifecycle.spec.js:28:3 › Kasa Oturumu (V13-PUI-002) › açılış, nakit giriş, sayım ve sıfır farkla kapatma tam akışı (1.8s)
  ✓   6 [chromium] › specs/05-cash-session-lifecycle.spec.js:67:3 › Kasa Oturumu (V13-PUI-002) › kasa kapatıldığında bekletilen sepetler temizlenir (1.5s)
  ✓   7 [chromium] › specs/05-cash-session-lifecycle.spec.js:99:3 › Kasa Oturumu (V13-PUI-002) › kapalı süpervizör toleransını aşan fark için açıklama zorunlu tutulur (1.1s)
  ✓   8 [chromium] › specs/06-cash-session-conflict.spec.js:12:3 › Kasa Oturumu - çakışma (V13-PUI-002) › aynı terminalde eşzamanlı ikinci açılış çakışma ekranını gösterir (1.0s)
  ✓   9 [chromium] › specs/07-split-payment-bankcard-lock.spec.js:15:3 › Hesap Ödeme - kart tahsilatı kilidi (V13-PUI-001, V1-RMD-258) › kart tahsilatı asla onaylanmış görünmez, hesap kapanmaz, kilit yenilemede korunur (1.3s)
  ✓  10 [chromium] › specs/07-split-payment-bankcard-lock.spec.js:57:3 › Hesap Ödeme - kart tahsilatı kilidi (V13-PUI-001, V1-RMD-258) › sunucu, çözülmemiş kart tahsilatı varken doğrudan gelen yeni tahsilatı reddeder (536ms)
  ✓  11 [chromium] › specs/08-split-payment-eft.spec.js:29:3 › Hesap Ödeme - EFT/Havale (V13-PAY-005, V13-PUI-004) › onay kutusu işaretlenmeden EFT eklenemez; işaretlenince tam tutar hesabı kapatır, para üstü yoktur (1.2s)
  ✓  12 [chromium] › specs/08-split-payment-eft.spec.js:58:3 › Hesap Ödeme - EFT/Havale (V13-PAY-005, V13-PUI-004) › onay yöntem değişince ve her başarılı tahsilattan sonra sıfırlanır; kısmi EFT kalanı düşürür (905ms)
  ✓  13 [chromium] › specs/08-split-payment-eft.spec.js:81:3 › Hesap Ödeme - EFT/Havale (V13-PAY-005, V13-PUI-004) › klavye odağı yöntem seçimi ve onay kutusu yeniden çizimlerinde kaybolmaz (675ms)
  ✓  14 [chromium] › specs/08-split-payment-eft.spec.js:102:3 › Hesap Ödeme - EFT/Havale (V13-PAY-005, V13-PUI-004) › not alanına yazılan öznitelik/HTML enjeksiyonu çalışmaz, yeniden çizimde olduğu gibi korunur (779ms)
  ✓  15 [chromium] › specs/08-split-payment-eft.spec.js:121:3 › Hesap Ödeme - EFT/Havale (V13-PAY-005, V13-PUI-004) › sınır değerler: kalanı bir kuruş aşan, sıfır ve boş tutar istek çıkmadan reddedilir (870ms)
  ✓  16 [chromium] › specs/09-split-payment-race-and-edges.spec.js:18:3 › Hesap Ödeme - yarış, tekrar ve uç durumlar (V13-PUI-001, V1-RMD-258) › eşzamanlı tahsilatlar hesabı asla aşmaz: kazananlar uygulanır, kaybedenler Türkçe 409 alır (604ms)
  ✓  17 [chromium] › specs/09-split-payment-race-and-edges.spec.js:46:3 › Hesap Ödeme - yarış, tekrar ve uç durumlar (V13-PUI-001, V1-RMD-258) › aynı idempotency anahtarıyla tekrarlanan tahsilat ikinci bir tahsis oluşturmaz (523ms)
  ✓  18 [chromium] › specs/09-split-payment-race-and-edges.spec.js:63:3 › Hesap Ödeme - yarış, tekrar ve uç durumlar (V13-PUI-001, V1-RMD-258) › V1-RMD-314 (K3): ağ hatası sonrası "tekrar dene" aynı idempotency anahtarını kullanır, mükerrer tahsis oluşturmaz (846ms)
  ✓  19 [chromium] › specs/09-split-payment-race-and-edges.spec.js:86:3 › Hesap Ödeme - yarış, tekrar ve uç durumlar (V13-PUI-001, V1-RMD-258) › eşit bölüşümün kuruş kalıntısı gizlenmez: kalan görünür kalır ve elle kapatılır (1.4s)
  ✓  20 [chromium] › specs/09-split-payment-race-and-edges.spec.js:115:3 › Hesap Ödeme - yarış, tekrar ve uç durumlar (V13-PUI-001, V1-RMD-258) › tamamen ödenmiş hesap yeniden yüklenince "Hesap Ödendi" gösterir ve tahsilat formu açmaz (884ms)
  ✓  21 [chromium] › specs/09-split-payment-race-and-edges.spec.js:129:3 › Hesap Ödeme - yarış, tekrar ve uç durumlar (V13-PUI-001, V1-RMD-258) › geçersiz durumlar: billId yok, bilinmeyen billId ve oturumsuz erişim güvenli ekranlar gösterir (690ms)
  ✓  22 [chromium] › specs/10-split-payment-cash-and-mixed.spec.js:25:3 › Hesap Ödeme - Nakit ve karma tahsilat (V13-CSH-004, V13-PUI-001) › açık kasa oturumunda Nakit seçilebilir ve varsayılandır; tam nakit hesabı kapatır (725ms)
  ✓  23 [chromium] › specs/10-split-payment-cash-and-mixed.spec.js:45:3 › Hesap Ödeme - Nakit ve karma tahsilat (V13-CSH-004, V13-PUI-001) › Nakit + EFT karması yalnız sunucu tahsisleri hesabı tamamlayınca kapanır (888ms)
  ✓  24 [chromium] › specs/10-split-payment-cash-and-mixed.spec.js:65:3 › Hesap Ödeme - Nakit ve karma tahsilat (V13-CSH-004, V13-PUI-001) › Nakit tutarı kalanı aşarsa istek çıkmadan reddedilir ve hesap değişmez (717ms)
  ✓  25 [chromium] › specs/10-split-payment-cash-and-mixed.spec.js:77:3 › Hesap Ödeme - Nakit ve karma tahsilat (V13-CSH-004, V13-PUI-001) › bir sekmede kapanan hesap, açık kalan ikinci sekmede yeni tahsilatı sunucudan reddettirir (1.2s)
  ✓  26 [chromium] › specs/11-cross-client-payment-aware-transfer.spec.js:36:3 › Masa devri + ödeme kilidi, iki istemci (V13-TBL-001, V1-RMD-258) › çözülmemiş kart tahsilatı olan masa PosTerminal'den devredilemez; hiçbir şey değişmez (2.9s)
  ✓  27 [chromium] › specs/11-cross-client-payment-aware-transfer.spec.js:89:3 › Masa devri + ödeme kilidi, iki istemci (V13-TBL-001, V1-RMD-258) › kısmen ödenmiş (tüm ödemeleri çözülmüş) masa devredilir; tahsis aynı hesapta kalır (2.4s)
  ✓  28 [chromium] › specs/12-manual-card-payment-resolution.spec.js:24:3 › Kart ödemesinin elle çözümü (V1-RMD-264) › yetkisiz kasiyer çözemez; müdür "kart çekilmedi" der ve hesap kilidi kalkar (2.3s)
  ✓  29 [chromium] › specs/12-manual-card-payment-resolution.spec.js:60:3 › Kart ödemesinin elle çözümü (V1-RMD-264) › "kart çekildi": bir müdür fiş numarasıyla bildirir, KENDİSİ onaylayamaz; ikinci müdür onaylayınca hesap ödenir (2.7s)
  ✓  30 [chromium] › specs/13-payment-surfaces-reachable.spec.js:10:3 › Ödeme yüzeylerine gerçek erişim (V1-RMD-265) › kasiyer ekranının başlığından Kasa Oturumu sayfasına gidilir (798ms)
  ✓  31 [chromium] › specs/13-payment-surfaces-reachable.spec.js:19:3 › Ödeme yüzeylerine gerçek erişim (V1-RMD-265) › PosTerminal hesap ekranından "Tahsilata geç" ile Tahsilat sayfası açılır (2.7s)
  ✓  32 [chromium] › specs/13-payment-surfaces-reachable.spec.js:32:3 › Ödeme yüzeylerine gerçek erişim (V1-RMD-265) › ödeme mutabakat taraması gerçek çözülmemiş ödemeden vaka açar; ödeme raporu okunur (736ms)
  ✓  33 [chromium] › specs/14-till-queue-of-sent-checks.spec.js:21:3 › Kasa: canlı bekleyen hesap bildirimi (V1-RMD-287) › garson hesabı gönderince sayfa yenilenmeden kuyrukta belirir (1.6s)
  ✓  34 [chromium] › specs/14-till-queue-of-sent-checks.spec.js:39:3 › Kasa: bekleyen hesaplar kuyruğu (V1-RMD-279/280) › garsonun gönderdiği iki hesap ayırt edilir, biri tahsil edilince yalnız o kuyruktan çıkar (3.4s)
  ✓  35 [chromium] › specs/14-till-queue-of-sent-checks.spec.js:90:3 › Kasa: bekleyen hesaplar kuyruğu (V1-RMD-279/280) › yanlışlıkla gönderilen hesap kasadan masaya geri gönderilir; tahsilat başlamış hesapta seçenek yoktur (4.2s)
  ✓  36 [chromium] › specs/14-till-queue-of-sent-checks.spec.js:134:3 › Kasa: bekleyen hesaplar kuyruğu (V1-RMD-279/280) › kuyruk boşken bunu söyler (1.1s)
  ✓  37 [chromium] › specs/15-session-expiry.spec.js:9:3 › Statik Kasa sayfaları: oturum düşünce giriş ekranına döner (V1-RMD-291) › Hesap Ödeme: tahsilat sırasında 401 alınca giriş ekranına döner (795ms)
  ✓  38 [chromium] › specs/15-session-expiry.spec.js:30:3 › Statik Kasa sayfaları: oturum düşünce giriş ekranına döner (V1-RMD-291) › Kasa Oturumu: vardiya açılışı sırasında 401 alınca gerçek giriş formuna döner (621ms)
  ✓  39 [chromium] › specs/16-customer-display-refresh-on-payment.spec.js:12:3 › Müşteri ekranı: ödeme siparişi tamamlayınca anında günceller (V1-RMD-294) › son tahsilat siparişi tamamlayınca eşleştirilmiş ekran 2 sn içinde "Teşekkür ederiz." gösterir (4.2s)
  ✓  40 [chromium] › specs/17-kitchen-print-failures.spec.js:12:3 › Mutfak: yazdırma sorunları paneli (V1-RMD-293) › gerçek bir ticket için print-jobs sorgulanır ve sorun yokken bunu söyler (2.4s)
  ✓  41 [chromium] › specs/18-discount-and-tip.spec.js:14:3 › Hesap Ödeme - indirim ve gönüllü bahşiş (V1-RMD-292 / V1-RMD-298) › indirim ve bahşiş kaydedilir; tahsilat tavanı düzeltilmiş tutara göre gerçekten değişir (1.5s)
  ✓  42 [chromium] › specs/18-discount-and-tip.spec.js:52:3 › Hesap Ödeme - indirim ve gönüllü bahşiş (V1-RMD-292 / V1-RMD-298) › bahşiş dahil düzeltilmiş tutar artık gerçekten tahsil edilebiliyor; onu aşan tutar hâlâ reddedilir (929ms)
  ✓  43 [chromium] › specs/18-discount-and-tip.spec.js:73:3 › Hesap Ödeme - indirim ve gönüllü bahşiş (V1-RMD-292 / V1-RMD-298) › yetkisiz kullanıcı reddedilir: indirim isteği yönetici onayına düşer, ret Türkçe gösterilir (774ms)
  ✓  44 [chromium] › specs/19-pwa-manifest.spec.js:12:3 › Kasa PWA manifest › manifest.json geçerlidir ve listelediği her ikon gerçekten yükleniyor (224ms)
  ✓  45 [chromium] › specs/20-parked-ticket-recall-confirm.spec.js:11:3 › Bekletilen fiş geri yükleme onayı (vanilla Cashier - /cashier) › mevcut sepet doluyken geri yükleme, native confirm() değil uygulama içi modal ile onaylanır (1.8s)
  ✓  46 [chromium] › specs/21-accessibility-keyboard-and-labels.spec.js:14:3 › Kasa erişilebilirlik: klavye ve etiketler (V1-RMD-356) › ürün kartı Enter/Space ile sepete eklenir; miktar düğmeleri ve arama kutusu adlandırılmıştır (1.3s)
  ✓  47 [chromium] › specs/21-accessibility-keyboard-and-labels.spec.js:43:3 › Kasa erişilebilirlik: klavye ve etiketler (V1-RMD-356) › Kasa Oturumu giriş ve açılış alanları <label for> ile programatik olarak bağlanmıştır (710ms)
  ✓  48 [chromium] › specs/21-accessibility-keyboard-and-labels.spec.js:57:3 › Kasa erişilebilirlik: klavye ve etiketler (V1-RMD-356) › Tahsilat ekranındaki indirim ve bahşiş alanları erişilebilir adlar taşır (586ms)
  ✓  49 [chromium] › specs/22-category-tab-styling.spec.js:13:3 › Kategori sekmeleri gerçekten stillenmiş (vanilla Cashier - /cashier) › "Tüm Ürünler" sekmesi gerçek CSS alıyor, varsayılan tarayıcı butonu değil (1.4s)
  ✓  50 [chromium] › specs/23-active-ticket-and-modal-focus.spec.js:7:3 › Cashier ana ekran - aktif sepet kalıcılığı ve modal odak yönetimi (V1-RMD-360) › aktif sepet sayfa yenilemesinde kaybolmaz (1.6s)
  ✓  51 [chromium] › specs/23-active-ticket-and-modal-focus.spec.js:30:3 › Cashier ana ekran - aktif sepet kalıcılığı ve modal odak yönetimi (V1-RMD-360) › "Fişi Temizle" onay ister; "Vazgeç" sepeti korur, "Devam Et" gerçekten temizler (1.6s)
  ✓  52 [chromium] › specs/23-active-ticket-and-modal-focus.spec.js:51:3 › Cashier ana ekran - aktif sepet kalıcılığı ve modal odak yönetimi (V1-RMD-360) › modaller açılınca odağı içine alır, Escape ile kapanır ve odağı geri verir (1.5s)
  ✓  53 [chromium] › specs/23-active-ticket-and-modal-focus.spec.js:86:3 › Cashier ana ekran - aktif sepet kalıcılığı ve modal odak yönetimi (V1-RMD-360) › kategori sekmeleri tab/aria-selected taşır (1.1s)
  ✓  54 [chromium] › specs/23-active-ticket-and-modal-focus.spec.js:98:3 › Cashier ana ekran - aktif sepet kalıcılığı ve modal odak yönetimi (V1-RMD-360) › arama kutusu sayfa yüklenince ve sipariş mutfağa gönderilince odaklanır (1.3s)
  ✓  55 [chromium] › specs/24-cash-session-accessibility.spec.js:6:3 › Kasa Oturumu - erişilebilirlik ve odak yönetimi (V1-RMD-361) › hata kutusu role="alert" taşır; sekmeler role="tab"/aria-selected taşır (891ms)
  ✓  56 [chromium] › specs/24-cash-session-accessibility.spec.js:35:3 › Kasa Oturumu - erişilebilirlik ve odak yönetimi (V1-RMD-361) › her yeni ekranda birincil alana otomatik odaklanır (794ms)
  ✓  57 [chromium] › specs/25-split-payment-accessibility.spec.js:7:3 › Hesap Ödeme - erişilebilirlik (V1-RMD-362) › hata/uyarı kutuları role taşır; ödeme yöntemi seçimi radiogroup/radio semantiğine sahip (992ms)
  ✓  58 [chromium] › specs/26-modifier-picker.spec.js:12:3 › Kasiyer - zorunlu seçenek grubu (V1-RMD-376) › zorunlu grup seçilmeden Adisyona Ekle kapalı kalır; seçince adisyona doğru satır düşer (1.4s)
  ✓  59 [chromium] › specs/26-modifier-picker.spec.js:42:3 › Kasiyer - zorunlu seçenek grubu (V1-RMD-376) › Vazgeç ve Escape adisyona hiçbir şey eklemeden modal'ı kapatır (1.4s)
  ✓  60 [chromium] › specs/26-modifier-picker.spec.js:63:3 › Kasiyer - zorunlu seçenek grubu (V1-RMD-376) › farklı seçimlerle eklenen iki satır birleşmez; katalogdaki bir ürün modifikatörsüz de eklenmeye devam eder (1.7s)
  ✓  61 [chromium] › specs/27-barcode-scan-auto-add.spec.js:12:3 › Kasiyer - barkod taraması otomatik ekleme (V1-RMD-376) › tam SKU eşleşmesi ürünü otomatik ekler ve arama kutusunu temizler (1.3s)
  ✓  62 [chromium] › specs/27-barcode-scan-auto-add.spec.js:25:3 › Kasiyer - barkod taraması otomatik ekleme (V1-RMD-376) › modifikatörlü bir ürünün SKU taraması doğrudan eklemez, seçenek modalını açar (1.5s)
  ✓  63 [chromium] › specs/27-barcode-scan-auto-add.spec.js:38:3 › Kasiyer - barkod taraması otomatik ekleme (V1-RMD-376) › kısmi eşleşme (gerçek arama) hâlâ yalnızca filtreler, otomatik eklemez (1.4s)
  ✓  64 [chromium] › specs/27-barcode-scan-auto-add.spec.js:56:3 › Kasiyer - barkod taraması otomatik ekleme (V1-RMD-376) › küçük harfle yazılan SKU araması da eşleşir (kod karşılaştırması büyük/küçük harfe duyarsız) (1.4s)
  ✓  65 [chromium] › specs/28-cash-session-denomination-count.spec.js:23:3 › Kasa Oturumu - kupür bazlı sayım (V1-RMD-377) › kupür sayıları girildikçe toplam otomatik hesaplanır ve o tutar kaydedilir (968ms)
  ✓  66 [chromium] › specs/28-cash-session-denomination-count.spec.js:42:3 › Kasa Oturumu - kupür bazlı sayım (V1-RMD-377) › "Kupürüm yok, tek tutar gireceğim" eski manuel alana geçer; geri dönülebilir (1.5s)
  ✓  67 [chromium] › specs/28-cash-session-denomination-count.spec.js:55:3 › Kasa Oturumu - kupür bazlı sayım (V1-RMD-377) › boş bırakılan kupürler sıfır sayılır, negatif adet girilemez (835ms)
  ✓  68 [chromium] › specs/29-split-payment-pending-confirmation-poll.spec.js:15:3 › Hesap Ödeme - onay bekleyen kart tahsilatı otomatik güncellenir (V1-RMD-378) › ikinci müdürün onayı, ilk müdürün açık ekranına sayfa yenilenmeden yansır (6.5s)
  ✓  69 [chromium] › specs/30-customer-accounts.spec.js:31:3 › Cari hesap: müşteri, kredi limiti, hesaba yaz ve nakit tahsilat (V1-RMD-443) › limitli müşteriye hesaba yazılan adisyon kapanır; borcun bir kısmı nakit tahsil edilip makbuz verilir (1.7s)
  ✓  70 [chromium] › specs/30-customer-accounts.spec.js:61:3 › Cari hesap: müşteri, kredi limiti, hesaba yaz ve nakit tahsilat (V1-RMD-443) › kredi limiti olmayan müşteriye hesaba yazma sunucunun Türkçe gerekçesiyle reddedilir; hesap açık kalır (960ms)
  70 passed (1.9m)
