
 RUN  v4.1.11 D:/PROJECT/ALKAROS/src/Clients/PosTerminal

 ❯ src/features/management-closing/ClosingSection.test.tsx (8 tests | 1 failed) 300ms
     × yalnız görüntüleme izni olan oturumda işlem düğmesi yoktur ama veri görünür 27ms
corepack : 
At line:1 char:434
+ ... v:TEMP "t"; corepack pnpm exec vitest run src/features/management-clo ...
+                 ~~~~~~~~~~~~~~~~~~~~~~~~~~~~~~~~~~~~~~~~~~~~~~~~~~~~~~~~~
    + CategoryInfo          : NotSpecified: (:String) [], RemoteException
    + FullyQualifiedErrorId : NativeCommandError
 
⎯⎯⎯⎯⎯⎯⎯ Failed Tests 1 ⎯⎯⎯⎯⎯⎯⎯

 FAIL  src/features/management-closing/ClosingSection.test.tsx > gün sonu ve mutabakat bölümü > yalnız görüntüleme izni
 olan oturumda işlem düğmesi yoktur ama veri görünür
AssertionError: expected [ 'Getir', 'Ödeme taraması yap', …(6) ] to not include 'Ödeme taraması yap'
 ❯ src/features/management-closing/ClosingSection.test.tsx:61:127
     59|     expect(document.body.textContent).toContain("₺1.250,00");
     60|     expect(document.body.textContent).toContain("SLP-9");
     61|     for (const forbidden of ["İş gününü kapat", "İş gününü aç", "Ödeme…
       |                                                                                                               
                ^
     62|   });
     63|

⎯⎯⎯⎯⎯⎯⎯⎯⎯⎯⎯⎯⎯⎯⎯⎯⎯⎯⎯⎯⎯⎯⎯⎯[1/1]⎯


 Test Files  1 failed (1)
      Tests  1 failed | 7 passed (8)
   Start at  21:59:07
   Duration  1.33s (transform 149ms, setup 0ms, import 234ms, tests 300ms, environment 583ms)

