    0 Error(s)
Test run for /cal398/evidence/V1-RMD-398/probes/StockFlowProbes/bin/Release/net8.0/ALKAROS.Audit.StockFlowProbes.dll (.NETCoreApp,Version=v8.0)
A total of 1 test files matched the specified pattern.
[xUnit.net 00:00:00.00] xUnit.net VSTest Adapter v2.8.2+699d445a1a (64-bit .NET 8.0.30)
[xUnit.net 00:00:00.10]   Discovering: ALKAROS.Audit.StockFlowProbes
[xUnit.net 00:00:00.16]   Discovered:  ALKAROS.Audit.StockFlowProbes
[xUnit.net 00:00:00.16]   Starting:    ALKAROS.Audit.StockFlowProbes
warn: Microsoft.AspNetCore.Hosting.Diagnostics[15]
      Overriding HTTP_PORTS '8080' and HTTPS_PORTS ''. Binding to values defined by URLS instead 'http://127.0.0.1:0'.
info: Microsoft.Hosting.Lifetime[14]
      Now listening on: http://127.0.0.1:37223
info: Microsoft.Hosting.Lifetime[0]
      Application started. Press Ctrl+C to shut down.
info: Microsoft.Hosting.Lifetime[0]
      Hosting environment: Production
info: Microsoft.Hosting.Lifetime[0]
      Content root path: /cal398/evidence/V1-RMD-398/probes/StockFlowProbes/bin/Release/net8.0
[xUnit.net 00:00:05.21]     ALKAROS.Audit.StockFlowProbes.StockFlowProbes.S05ProductionConsumptionIsNotReportedAsUnexplainedVariance [FAIL]
[xUnit.net 00:00:05.21]       5 kg of flour used by a completed production batch is reported as variance 5.0000 kg (actual 5.0000, theoretical 0) - production is not part of the report's formula.
[xUnit.net 00:00:05.22]       Stack Trace:
[xUnit.net 00:00:05.22]         /cal398/evidence/V1-RMD-398/probes/StockFlowProbes/StockFlowProbes.cs(276,0): at ALKAROS.Audit.StockFlowProbes.StockFlowProbes.S05ProductionConsumptionIsNotReportedAsUnexplainedVariance()
[xUnit.net 00:00:05.22]         --- End of stack trace from previous location ---
[xUnit.net 00:00:05.32]     ALKAROS.Audit.StockFlowProbes.StockFlowProbes.S06UnconvertibleRecipeUnitDoesNotSilentlyDropTheoreticalConsumption [FAIL]
[xUnit.net 00:00:05.32]       The sale succeeded and recorded no theoretical consumption for the 'adet' -> 'kg' ingredient; no error, no log entry, no record.
[xUnit.net 00:00:05.32]       Stack Trace:
[xUnit.net 00:00:05.32]         /cal398/evidence/V1-RMD-398/probes/StockFlowProbes/StockFlowProbes.cs(304,0): at ALKAROS.Audit.StockFlowProbes.StockFlowProbes.S06UnconvertibleRecipeUnitDoesNotSilentlyDropTheoreticalConsumption()
[xUnit.net 00:00:05.32]         --- End of stack trace from previous location ---
[xUnit.net 00:00:05.50]     ALKAROS.Audit.StockFlowProbes.StockFlowProbes.S08WasteAndAdjustmentRetriesWithTheSameKeyApplyOnce [FAIL]
[xUnit.net 00:00:05.50]       5 concurrent waste submits (same key, 2 kg) left 28.0000 (expected 28); two sequential adjustments (same key, 1 kg) then left 26.0000 (expected 27).
[xUnit.net 00:00:05.50]       Stack Trace:
[xUnit.net 00:00:05.50]         /cal398/evidence/V1-RMD-398/probes/StockFlowProbes/StockFlowProbes.cs(354,0): at ALKAROS.Audit.StockFlowProbes.StockFlowProbes.S08WasteAndAdjustmentRetriesWithTheSameKeyApplyOnce()
[xUnit.net 00:00:05.50]         /cal398/evidence/V1-RMD-398/probes/StockFlowProbes/StockFlowProbes.cs(357,0): at ALKAROS.Audit.StockFlowProbes.StockFlowProbes.S08WasteAndAdjustmentRetriesWithTheSameKeyApplyOnce()
[xUnit.net 00:00:05.50]         --- End of stack trace from previous location ---
[xUnit.net 00:00:05.69]     ALKAROS.Audit.StockFlowProbes.StockFlowProbes.S03ActualVsTheoreticalDoesNotRepeatTheoreticalUsageForEveryCountedLocation [FAIL]
[xUnit.net 00:00:05.69]       3 kg of theoretical usage is reported as 6.0000 kg across 2 location rows (Probe Depo: actual 3.0000, theoretical 3.0000, variance 0.0000, Probe Depo B: actual 0.0000, theoretical 3.0000, variance -3.0000).
[xUnit.net 00:00:05.69]       Stack Trace:
[xUnit.net 00:00:05.69]         /cal398/evidence/V1-RMD-398/probes/StockFlowProbes/StockFlowProbes.cs(208,0): at ALKAROS.Audit.StockFlowProbes.StockFlowProbes.S03ActualVsTheoreticalDoesNotRepeatTheoreticalUsageForEveryCountedLocation()
[xUnit.net 00:00:05.69]         --- End of stack trace from previous location ---
  Passed ALKAROS.Audit.StockFlowProbes.StockFlowProbes.S07ControlRacingOrdersNeverOversellTheLastUnits [467 ms]
  Failed ALKAROS.Audit.StockFlowProbes.StockFlowProbes.S05ProductionConsumptionIsNotReportedAsUnexplainedVariance [376 ms]
  Error Message:
   5 kg of flour used by a completed production batch is reported as variance 5.0000 kg (actual 5.0000, theoretical 0) - production is not part of the report's formula.
  Stack Trace:
     at ALKAROS.Audit.StockFlowProbes.StockFlowProbes.S05ProductionConsumptionIsNotReportedAsUnexplainedVariance() in /cal398/evidence/V1-RMD-398/probes/StockFlowProbes/StockFlowProbes.cs:line 276
--- End of stack trace from previous location ---
  Failed ALKAROS.Audit.StockFlowProbes.StockFlowProbes.S06UnconvertibleRecipeUnitDoesNotSilentlyDropTheoreticalConsumption [111 ms]
  Error Message:
   The sale succeeded and recorded no theoretical consumption for the 'adet' -> 'kg' ingredient; no error, no log entry, no record.
  Stack Trace:
     at ALKAROS.Audit.StockFlowProbes.StockFlowProbes.S06UnconvertibleRecipeUnitDoesNotSilentlyDropTheoreticalConsumption() in /cal398/evidence/V1-RMD-398/probes/StockFlowProbes/StockFlowProbes.cs:line 304
--- End of stack trace from previous location ---
  Passed ALKAROS.Audit.StockFlowProbes.StockFlowProbes.S09CompletingAProductionBatchTwiceConsumesOnce [75 ms]
  Failed ALKAROS.Audit.StockFlowProbes.StockFlowProbes.S08WasteAndAdjustmentRetriesWithTheSameKeyApplyOnce [96 ms]
  Error Message:
   5 concurrent waste submits (same key, 2 kg) left 28.0000 (expected 28); two sequential adjustments (same key, 1 kg) then left 26.0000 (expected 27).
  Stack Trace:
     at ALKAROS.Audit.StockFlowProbes.StockFlowProbes.S08WasteAndAdjustmentRetriesWithTheSameKeyApplyOnce() in /cal398/evidence/V1-RMD-398/probes/StockFlowProbes/StockFlowProbes.cs:line 354
   at ALKAROS.Audit.StockFlowProbes.StockFlowProbes.S08WasteAndAdjustmentRetriesWithTheSameKeyApplyOnce() in /cal398/evidence/V1-RMD-398/probes/StockFlowProbes/StockFlowProbes.cs:line 357
--- End of stack trace from previous location ---
  Failed ALKAROS.Audit.StockFlowProbes.StockFlowProbes.S03ActualVsTheoreticalDoesNotRepeatTheoreticalUsageForEveryCountedLocation [187 ms]
  Error Message:
   3 kg of theoretical usage is reported as 6.0000 kg across 2 location rows (Probe Depo: actual 3.0000, theoretical 3.0000, variance 0.0000, Probe Depo B: actual 0.0000, theoretical 3.0000, variance -3.0000).
  Stack Trace:
     at ALKAROS.Audit.StockFlowProbes.StockFlowProbes.S03ActualVsTheoreticalDoesNotRepeatTheoreticalUsageForEveryCountedLocation() in /cal398/evidence/V1-RMD-398/probes/StockFlowProbes/StockFlowProbes.cs:line 208
--- End of stack trace from previous location ---
  Passed ALKAROS.Audit.StockFlowProbes.StockFlowProbes.S10ProductionAppliesLossBeforeUnitConversion [38 ms]
[xUnit.net 00:00:06.04]     ALKAROS.Audit.StockFlowProbes.StockFlowProbes.S01PhysicalCountResultEqualsTheCountedQuantityUnderAConcurrentWrite [FAIL]
[xUnit.net 00:00:06.04]       1/40 counts did not land on the counted quantity: counted 900, count result on-hand 899.0000 (read 1000.0000)
[xUnit.net 00:00:06.04]       Stack Trace:
[xUnit.net 00:00:06.04]         /cal398/evidence/V1-RMD-398/probes/StockFlowProbes/StockFlowProbes.cs(132,0): at ALKAROS.Audit.StockFlowProbes.StockFlowProbes.S01PhysicalCountResultEqualsTheCountedQuantityUnderAConcurrentWrite()
[xUnit.net 00:00:06.04]         --- End of stack trace from previous location ---
info: Microsoft.AspNetCore.Hosting.Diagnostics[1]
      Request starting HTTP/1.1 POST http://127.0.0.1:37223/api/v1/terminals/128b6ec5-b664-4cb3-98bb-7cfd67e3937c/orders/6ed3224e-2cb9-4276-8511-c8c93d224eca/items/ee78aa58-fb93-46db-84c1-7ba86f06e2cb/void-sent - application/json;+charset=utf-8 89
  Failed ALKAROS.Audit.StockFlowProbes.StockFlowProbes.S01PhysicalCountResultEqualsTheCountedQuantityUnderAConcurrentWrite [311 ms]
  Error Message:
   1/40 counts did not land on the counted quantity: counted 900, count result on-hand 899.0000 (read 1000.0000)
  Stack Trace:
     at ALKAROS.Audit.StockFlowProbes.StockFlowProbes.S01PhysicalCountResultEqualsTheCountedQuantityUnderAConcurrentWrite() in /cal398/evidence/V1-RMD-398/probes/StockFlowProbes/StockFlowProbes.cs:line 132
--- End of stack trace from previous location ---
info: Microsoft.AspNetCore.Routing.EndpointMiddleware[0]
      Executing endpoint 'HTTP: POST /api/v1/terminals/{terminalId:guid}/orders/{orderId:guid}/items/{itemId:guid}/void-sent'
info: Microsoft.AspNetCore.Http.Result.OkObjectResult[1]
      Setting HTTP status code 200.
info: Microsoft.AspNetCore.Http.Result.OkObjectResult[3]
      Writing value of type 'VoidSentItemResultV1' as Json.
info: Microsoft.AspNetCore.Routing.EndpointMiddleware[1]
      Executed endpoint 'HTTP: POST /api/v1/terminals/{terminalId:guid}/orders/{orderId:guid}/items/{itemId:guid}/void-sent'
info: Microsoft.AspNetCore.Hosting.Diagnostics[2]
      Request finished HTTP/1.1 POST https://127.0.0.1:37223/api/v1/terminals/128b6ec5-b664-4cb3-98bb-7cfd67e3937c/orders/6ed3224e-2cb9-4276-8511-c8c93d224eca/items/ee78aa58-fb93-46db-84c1-7ba86f06e2cb/void-sent - 200 - application/json;+charset=utf-8 2037.3885ms
info: Microsoft.AspNetCore.Hosting.Diagnostics[1]
      Request starting HTTP/1.1 POST http://127.0.0.1:37223/api/v1/terminals/9c194127-950c-44ab-af02-7ffb7233a667/orders/cbeab0e2-9cbe-4cc7-aa75-35d04c6e8ae6/items/44e4a958-db9b-4875-89a1-8a6a2ccb0bb7/void-sent - application/json;+charset=utf-8 89
info: Microsoft.AspNetCore.Routing.EndpointMiddleware[0]
      Executing endpoint 'HTTP: POST /api/v1/terminals/{terminalId:guid}/orders/{orderId:guid}/items/{itemId:guid}/void-sent'
info: Microsoft.AspNetCore.Http.Result.OkObjectResult[1]
      Setting HTTP status code 200.
info: Microsoft.AspNetCore.Http.Result.OkObjectResult[3]
      Writing value of type 'VoidSentItemResultV1' as Json.
info: Microsoft.AspNetCore.Routing.EndpointMiddleware[1]
      Executed endpoint 'HTTP: POST /api/v1/terminals/{terminalId:guid}/orders/{orderId:guid}/items/{itemId:guid}/void-sent'
info: Microsoft.AspNetCore.Hosting.Diagnostics[2]
      Request finished HTTP/1.1 POST https://127.0.0.1:37223/api/v1/terminals/9c194127-950c-44ab-af02-7ffb7233a667/orders/cbeab0e2-9cbe-4cc7-aa75-35d04c6e8ae6/items/44e4a958-db9b-4875-89a1-8a6a2ccb0bb7/void-sent - 200 - application/json;+charset=utf-8 66.1848ms
[xUnit.net 00:00:08.49]     ALKAROS.Audit.StockFlowProbes.StockFlowProbes.S02VoidingASentItemAlsoWithdrawsItsTheoreticalConsumption [FAIL]
[xUnit.net 00:00:08.49]       Voided item still carries 0.4000 kg of theoretical consumption; the actual-vs-theoretical report will show a false shortage of that amount.
[xUnit.net 00:00:08.50]       Stack Trace:
[xUnit.net 00:00:08.50]         /cal398/evidence/V1-RMD-398/probes/StockFlowProbes/StockFlowProbes.cs(166,0): at ALKAROS.Audit.StockFlowProbes.StockFlowProbes.S02VoidingASentItemAlsoWithdrawsItsTheoreticalConsumption()
[xUnit.net 00:00:08.50]         --- End of stack trace from previous location ---
[xUnit.net 00:00:08.54]     ALKAROS.Audit.StockFlowProbes.StockFlowProbes.S04ProductionRefusesOrConvertsABatchUnitThatDiffersFromTheRecipeYieldUnit [FAIL]
[xUnit.net 00:00:08.54]       A 4 'portion' batch of a recipe whose yield is 2 kg was executed without any unit check and consumed 2.0000 kg of flour (scale = 4 / 2 with the units ignored).
[xUnit.net 00:00:08.54]       Stack Trace:
[xUnit.net 00:00:08.54]         /cal398/evidence/V1-RMD-398/probes/StockFlowProbes/StockFlowProbes.cs(242,0): at ALKAROS.Audit.StockFlowProbes.StockFlowProbes.S04ProductionRefusesOrConvertsABatchUnitThatDiffersFromTheRecipeYieldUnit()
[xUnit.net 00:00:08.54]         --- End of stack trace from previous location ---
[xUnit.net 00:00:08.71]   Finished:    ALKAROS.Audit.StockFlowProbes
  Passed ALKAROS.Audit.StockFlowProbes.StockFlowProbes.S11MultipleLinesAndMappingsConsumeAndRestoreExactly [2 s]
  Failed ALKAROS.Audit.StockFlowProbes.StockFlowProbes.S02VoidingASentItemAlsoWithdrawsItsTheoreticalConsumption [153 ms]
  Error Message:
   Voided item still carries 0.4000 kg of theoretical consumption; the actual-vs-theoretical report will show a false shortage of that amount.
  Stack Trace:
     at ALKAROS.Audit.StockFlowProbes.StockFlowProbes.S02VoidingASentItemAlsoWithdrawsItsTheoreticalConsumption() in /cal398/evidence/V1-RMD-398/probes/StockFlowProbes/StockFlowProbes.cs:line 166
--- End of stack trace from previous location ---
  Failed ALKAROS.Audit.StockFlowProbes.StockFlowProbes.S04ProductionRefusesOrConvertsABatchUnitThatDiffersFromTheRecipeYieldUnit [42 ms]
  Error Message:
   A 4 'portion' batch of a recipe whose yield is 2 kg was executed without any unit check and consumed 2.0000 kg of flour (scale = 4 / 2 with the units ignored).
  Stack Trace:
     at ALKAROS.Audit.StockFlowProbes.StockFlowProbes.S04ProductionRefusesOrConvertsABatchUnitThatDiffersFromTheRecipeYieldUnit() in /cal398/evidence/V1-RMD-398/probes/StockFlowProbes/StockFlowProbes.cs:line 242
--- End of stack trace from previous location ---

Test Run Failed.
Total tests: 11
     Passed: 4
     Failed: 7
 Total time: 9.3827 Seconds
