vite v8.2.2 building client environment for production...
transforming...
✓ 186 modules transformed.
rendering chunks...
computing gzip size...
dist/index.html                                                1.25 kB │ gzip:  0.61 kB
dist/assets/alkaros-logo-on-dark-CmVDjlL_.png                 32.94 kB
dist/assets/CustomerDisplayScreensaverSettings-C7nv96pV.css    0.50 kB │ gzip:  0.27 kB
dist/assets/BusinessIdentitySettings-D6KWlPnp.css              0.93 kB │ gzip:  0.43 kB
dist/assets/management-security-system-C6fZZsnO.css            2.33 kB │ gzip:  0.69 kB
dist/assets/NfcOrder-CBydcfmS.css                              4.24 kB │ gzip:  1.24 kB
dist/assets/design-system-CFu97vtJ.css                         6.32 kB │ gzip:  1.88 kB
dist/assets/index-CkekQFWV.css                                27.28 kB │ gzip:  6.86 kB
dist/assets/workspace-KRaxNFmT.css                            84.05 kB │ gzip: 12.87 kB
dist/assets/format-C2ZSrFr6.js                                 0.18 kB │ gzip:  0.14 kB
dist/assets/storage-Ck3mJz4b.js                                0.27 kB │ gzip:  0.17 kB
dist/assets/rolldown-runtime-C4N-s-pu.js                       0.47 kB │ gzip:  0.30 kB
dist/assets/SecurityAdministration-hf2KhK37.js                 2.37 kB │ gzip:  0.99 kB
dist/assets/ReservationStation-Ci2yEs2y.js                     3.21 kB │ gzip:  1.25 kB
dist/assets/QnbCredentialSettings-DYoDuZrw.js                  5.04 kB │ gzip:  1.78 kB
dist/assets/NfcOrder-105EAUgs.js                               5.28 kB │ gzip:  1.86 kB
dist/assets/TokenTerminalSettings-CqZzXjL_.js                  5.44 kB │ gzip:  1.91 kB
dist/assets/CustomerDisplayScreensaverSettings-Bysv0h5J.js     5.96 kB │ gzip:  2.06 kB
dist/assets/RelaySettings-BoPEeHws.js                          6.00 kB │ gzip:  1.87 kB
dist/assets/api-4GtB4rQ3.js                                    6.02 kB │ gzip:  1.84 kB
dist/assets/design-system-CgPmDluL.js                          6.76 kB │ gzip:  2.51 kB
dist/assets/BusinessIdentitySettings-CMzFqIf5.js               7.90 kB │ gzip:  2.45 kB
dist/assets/CustomerDisplay-C1kqvrK2.js                       10.04 kB │ gzip:  3.25 kB
dist/assets/Cashier-CpGbWZRI.js                               17.95 kB │ gzip:  5.53 kB
dist/assets/management-security-system-Bqq25Vdf.js            32.21 kB │ gzip: 10.65 kB
dist/assets/HubConnectionBuilder-1O9QmF_w.js                  54.78 kB │ gzip: 14.03 kB
dist/assets/index-DlShonmo.js                                196.04 kB │ gzip: 61.74 kB
dist/assets/workspace-Bgb319M7.js                            246.33 kB │ gzip: 60.51 kB

✓ built in 316ms
