Telemetry
---------
The code coverage tools collect usage data in order to help us improve your experience. The data is collected by Microsoft. You can opt out of telemetry by setting the DOTNET_COVERAGE_TELEMETRY_OPTOUT environment variable to '1' using your favorite shell.

This message is displayed only once. Set the DOTNET_COVERAGE_NOLOGO environment variable to '1' to suppress it in the future.
dotnet-coverage v18.10.0.0 [linux-x64 - .NET 8.0.30]

SessionId: ab32f098-3733-4797-a993-332170495497
Test run for /src/tests/Architecture/ModuleBoundaries/bin/Release/net8.0/ALKAROS.Architecture.Tests.dll (.NETCoreApp,Version=v8.0)
Test run for /src/tests/BuildingBlocks/Idempotency/bin/Release/net8.0/ALKAROS.Idempotency.Tests.dll (.NETCoreApp,Version=v8.0)
Test run for /src/tests/BuildingBlocks/Security/Secrets/bin/Release/net8.0/ALKAROS.Secrets.Tests.dll (.NETCoreApp,Version=v8.0)
Test run for /src/tests/BuildingBlocks/Transactions/bin/Release/net8.0/ALKAROS.Transactions.Tests.dll (.NETCoreApp,Version=v8.0)
Test run for /src/tests/BuildingBlocks/Security/SensitiveData/bin/Release/net8.0/ALKAROS.SensitiveData.Tests.dll (.NETCoreApp,Version=v8.0)
Test run for /src/tests/BuildingBlocks/TransactionOutboxIntegration/bin/Release/net8.0/ALKAROS.TransactionOutboxIntegration.Tests.dll (.NETCoreApp,Version=v8.0)
Test run for /src/tests/Clients/Cashier/OperationsStatus/bin/Release/net8.0/ALKAROS.Cashier.OperationsStatus.Tests.dll (.NETCoreApp,Version=v8.0)
Test run for /src/tests/Clients/Cashier/OrderEntry/bin/Release/net8.0/ALKAROS.Cashier.OrderEntry.Tests.dll (.NETCoreApp,Version=v8.0)
A total of 1 test files matched the specified pattern.
Test run for /src/tests/Clients/Cashier/TableShell/bin/Release/net8.0/ALKAROS.Cashier.TableShell.Tests.dll (.NETCoreApp,Version=v8.0)
Test run for /src/tests/Clients/WaiterPwa/OrderStatus/bin/Release/net8.0/ALKAROS.WaiterPwa.OrderStatus.Tests.dll (.NETCoreApp,Version=v8.0)
Test run for /src/tests/Clients/WaiterPwa/OrderEntry/bin/Release/net8.0/ALKAROS.WaiterPwa.OrderEntry.Tests.dll (.NETCoreApp,Version=v8.0)
A total of 1 test files matched the specified pattern.
Test run for /src/tests/Clients/WaiterPwa/SessionQueue/bin/Release/net8.0/ALKAROS.WaiterPwa.SessionQueue.Tests.dll (.NETCoreApp,Version=v8.0)
A total of 1 test files matched the specified pattern.
A total of 1 test files matched the specified pattern.
A total of 1 test files matched the specified pattern.
A total of 1 test files matched the specified pattern.
A total of 1 test files matched the specified pattern.
A total of 1 test files matched the specified pattern.
A total of 1 test files matched the specified pattern.
A total of 1 test files matched the specified pattern.
A total of 1 test files matched the specified pattern.
A total of 1 test files matched the specified pattern.
Results File: /src/tests/BuildingBlocks/Security/Secrets/TestResults/_f251654923f2_2026-08-26_23_28_27_net8.0.trx

Passed!  - Failed:     0, Passed:    21, Skipped:     0, Total:    21, Duration: 261 ms - ALKAROS.Secrets.Tests.dll (net8.0)
Results File: /src/tests/Architecture/ModuleBoundaries/TestResults/_f251654923f2_2026-08-26_23_28_28_net8.0.trx

Passed!  - Failed:     0, Passed:     5, Skipped:     0, Total:     5, Duration: 932 ms - ALKAROS.Architecture.Tests.dll (net8.0)
Results File: /src/tests/Clients/WaiterPwa/OrderEntry/TestResults/_f251654923f2_2026-08-26_23_28_28_net8.0.trx

Passed!  - Failed:     0, Passed:     4, Skipped:     0, Total:     4, Duration: 393 ms - ALKAROS.WaiterPwa.OrderEntry.Tests.dll (net8.0)
Results File: /src/tests/Clients/Cashier/TableShell/TestResults/_f251654923f2_2026-08-26_23_28_28_net8.0.trx

Passed!  - Failed:     0, Passed:     9, Skipped:     0, Total:     9, Duration: 428 ms - ALKAROS.Cashier.TableShell.Tests.dll (net8.0)
Results File: /src/tests/Clients/WaiterPwa/OrderStatus/TestResults/_f251654923f2_2026-08-26_23_28_29_net8.0.trx

Passed!  - Failed:     0, Passed:     4, Skipped:     0, Total:     4, Duration: 351 ms - ALKAROS.WaiterPwa.OrderStatus.Tests.dll (net8.0)
Results File: /src/tests/BuildingBlocks/Security/SensitiveData/TestResults/_f251654923f2_2026-08-26_23_28_28_net8.0.trx

Passed!  - Failed:     0, Passed:    23, Skipped:     0, Total:    23, Duration: 992 ms - ALKAROS.SensitiveData.Tests.dll (net8.0)
Test run for /src/tests/Host/Experience/Catalog/bin/Release/net8.0/ALKAROS.Host.Experience.Catalog.Tests.dll (.NETCoreApp,Version=v8.0)
Results File: /src/tests/Clients/Cashier/OrderEntry/TestResults/_f251654923f2_2026-08-26_23_28_29_net8.0.trx

Passed!  - Failed:     0, Passed:     4, Skipped:     0, Total:     4, Duration: 274 ms - ALKAROS.Cashier.OrderEntry.Tests.dll (net8.0)
Results File: /src/tests/BuildingBlocks/Transactions/TestResults/_f251654923f2_2026-08-26_23_28_29_net8.0.trx

Results File: /src/tests/Clients/Cashier/OperationsStatus/TestResults/_f251654923f2_2026-08-26_23_28_29_net8.0.trx

Passed!  - Failed:     0, Passed:    26, Skipped:     0, Total:    26, Duration: 944 ms - ALKAROS.Transactions.Tests.dll (net8.0)
Passed!  - Failed:     0, Passed:     4, Skipped:     0, Total:     4, Duration: 272 ms - ALKAROS.Cashier.OperationsStatus.Tests.dll (net8.0)
Test run for /src/tests/Host/Experience/Composition/bin/Release/net8.0/ALKAROS.Host.Experience.Composition.Tests.dll (.NETCoreApp,Version=v8.0)
Test run for /src/tests/Host/Experience/Tables/bin/Release/net8.0/ALKAROS.Host.Experience.Tables.Tests.dll (.NETCoreApp,Version=v8.0)
Test run for /src/tests/Host/Experience/KitchenOperations/bin/Release/net8.0/ALKAROS.Host.Experience.KitchenOperations.Tests.dll (.NETCoreApp,Version=v8.0)
Test run for /src/tests/Host/MigrationComposition/bin/Release/net8.0/ALKAROS.Host.Tests.dll (.NETCoreApp,Version=v8.0)
Test run for /src/tests/Modules/Audit/EventStore/bin/Release/net8.0/ALKAROS.Audit.EventStore.Tests.dll (.NETCoreApp,Version=v8.0)
Results File: /src/tests/Clients/WaiterPwa/SessionQueue/TestResults/_f251654923f2_2026-08-26_23_28_30_net8.0.trx

Test run for /src/tests/Modules/Billing/SplitDesign/bin/Release/net8.0/ALKAROS.Billing.SplitDesign.Tests.dll (.NETCoreApp,Version=v8.0)
Passed!  - Failed:     0, Passed:     9, Skipped:     0, Total:     9, Duration: 688 ms - ALKAROS.WaiterPwa.SessionQueue.Tests.dll (net8.0)
Test run for /src/tests/Modules/Billing/Adjustments/bin/Release/net8.0/ALKAROS.Billing.Adjustments.Tests.dll (.NETCoreApp,Version=v8.0)
A total of 1 test files matched the specified pattern.
Test run for /src/tests/Modules/Billing/BillFoundation/bin/Release/net8.0/ALKAROS.Billing.BillFoundation.Tests.dll (.NETCoreApp,Version=v8.0)
A total of 1 test files matched the specified pattern.
A total of 1 test files matched the specified pattern.
A total of 1 test files matched the specified pattern.
A total of 1 test files matched the specified pattern.
A total of 1 test files matched the specified pattern.
A total of 1 test files matched the specified pattern.
Test run for /src/tests/Modules/Cash/Contracts/bin/Release/net8.0/ALKAROS.Cash.Contracts.Tests.dll (.NETCoreApp,Version=v8.0)
A total of 1 test files matched the specified pattern.
A total of 1 test files matched the specified pattern.
Results File: /src/tests/BuildingBlocks/TransactionOutboxIntegration/TestResults/_f251654923f2_2026-08-26_23_28_31_net8.0.trx

Passed!  - Failed:     0, Passed:    12, Skipped:     0, Total:    12, Duration: 3 s - ALKAROS.TransactionOutboxIntegration.Tests.dll (net8.0)
A total of 1 test files matched the specified pattern.
Test run for /src/tests/Modules/Catalog/Pricing/bin/Release/net8.0/ALKAROS.Catalog.Pricing.Tests.dll (.NETCoreApp,Version=v8.0)
Results File: /src/tests/BuildingBlocks/Idempotency/TestResults/_f251654923f2_2026-08-26_23_28_28_net8.0.trx

Passed!  - Failed:     0, Passed:    86, Skipped:     0, Total:    86, Duration: 6 s - ALKAROS.Idempotency.Tests.dll (net8.0)
Test run for /src/tests/Modules/Catalog/ProductCatalog/bin/Release/net8.0/ALKAROS.Catalog.ProductCatalog.Tests.dll (.NETCoreApp,Version=v8.0)
A total of 1 test files matched the specified pattern.
A total of 1 test files matched the specified pattern.
[xUnit.net 00:00:04.69]     ALKAROS.Host.Tests.History.MigrationHistoryTests.MatchingHistoryTableSchemaIsAccepted [FAIL]
[xUnit.net 00:00:04.72]     ALKAROS.Host.Tests.History.MigrationHistoryTests.SuccessfulRollbackRemovesSchemaAndHistoryEntryTogether [FAIL]
[xUnit.net 00:00:04.73]     ALKAROS.Host.Tests.History.MigrationHistoryTests.MatchingChecksumIsSkippedOnReRun [FAIL]
[xUnit.net 00:00:04.74]     ALKAROS.Host.Tests.History.MigrationHistoryTests.MismatchedHistoryTableSchemaIsRejectedBeforeAnyWrite [FAIL]
[xUnit.net 00:00:04.74]     ALKAROS.Host.Tests.History.MigrationHistoryTests.FailedRollbackLeavesSchemaAndHistoryEntry [FAIL]
[xUnit.net 00:00:04.74]     ALKAROS.Host.Tests.History.MigrationHistoryTests.ChangedChecksumIsRejectedBeforeScriptExecution [FAIL]
[xUnit.net 00:00:04.75]     ALKAROS.Host.Tests.History.MigrationHistoryTests.FailedScriptLeavesNoProductSchemaOrHistoryEntry [FAIL]
[xUnit.net 00:00:04.75]     ALKAROS.Host.Tests.History.MigrationHistoryTests.RollbackIsRefusedWhenPositionIsUnappliedOrHasLaterHistory [FAIL]
  Failed ALKAROS.Host.Tests.History.MigrationHistoryTests.MatchingHistoryTableSchemaIsAccepted [1 ms]
  Error Message:
   System.ComponentModel.Win32Exception : An error occurred trying to start process 'psql' with working directory '/src/tests/Host/MigrationComposition/bin/Release/net8.0'. No such file or directory
  Stack Trace:
     at System.Diagnostics.Process.ForkAndExecProcess(ProcessStartInfo startInfo, String resolvedFilename, String[] argv, String[] envp, String cwd, Boolean setCredentials, UInt32 userId, UInt32 groupId, UInt32[] groups, Int32& stdinFd, Int32& stdoutFd, Int32& stderrFd, Boolean usesTerminal, Boolean throwOnNoExec)
   at System.Diagnostics.Process.StartCore(ProcessStartInfo startInfo)
   at System.Diagnostics.Process.Start(ProcessStartInfo startInfo)
   at ALKAROS.Host.Composition.Migrations.PsqlScriptRunner.RunProcessAsync(ProcessStartInfo startInfo, PsqlOptions options, CancellationToken cancellationToken) in /src/src/Host/Composition/Migrations/PsqlScriptRunner.cs:line 170
   at ALKAROS.Host.Composition.Migrations.PsqlScriptRunner.RunCommandAsync(String command, PsqlOptions options, CancellationToken cancellationToken) in /src/src/Host/Composition/Migrations/PsqlScriptRunner.cs:line 49
   at ALKAROS.Host.Tests.Fixtures.TestDatabase.InitializeAsync() in /src/tests/Host/MigrationComposition/Fixtures/TestDatabase.cs:line 44
  Failed ALKAROS.Host.Tests.History.MigrationHistoryTests.SuccessfulRollbackRemovesSchemaAndHistoryEntryTogether [1 ms]
  Error Message:
   System.ComponentModel.Win32Exception : An error occurred trying to start process 'psql' with working directory '/src/tests/Host/MigrationComposition/bin/Release/net8.0'. No such file or directory
  Stack Trace:
     at System.Diagnostics.Process.ForkAndExecProcess(ProcessStartInfo startInfo, String resolvedFilename, String[] argv, String[] envp, String cwd, Boolean setCredentials, UInt32 userId, UInt32 groupId, UInt32[] groups, Int32& stdinFd, Int32& stdoutFd, Int32& stderrFd, Boolean usesTerminal, Boolean throwOnNoExec)
   at System.Diagnostics.Process.StartCore(ProcessStartInfo startInfo)
   at System.Diagnostics.Process.Start(ProcessStartInfo startInfo)
   at ALKAROS.Host.Composition.Migrations.PsqlScriptRunner.RunProcessAsync(ProcessStartInfo startInfo, PsqlOptions options, CancellationToken cancellationToken) in /src/src/Host/Composition/Migrations/PsqlScriptRunner.cs:line 170
   at ALKAROS.Host.Composition.Migrations.PsqlScriptRunner.RunCommandAsync(String command, PsqlOptions options, CancellationToken cancellationToken) in /src/src/Host/Composition/Migrations/PsqlScriptRunner.cs:line 49
   at ALKAROS.Host.Tests.Fixtures.TestDatabase.InitializeAsync() in /src/tests/Host/MigrationComposition/Fixtures/TestDatabase.cs:line 44
Results File: /src/tests/Modules/Cash/Contracts/TestResults/_f251654923f2_2026-08-26_23_28_42_net8.0.trx
  Failed ALKAROS.Host.Tests.History.MigrationHistoryTests.MatchingChecksumIsSkippedOnReRun [1 ms]
  Error Message:
   System.ComponentModel.Win32Exception : An error occurred trying to start process 'psql' with working directory '/src/tests/Host/MigrationComposition/bin/Release/net8.0'. No such file or directory

  Stack Trace:
     at System.Diagnostics.Process.ForkAndExecProcess(ProcessStartInfo startInfo, String resolvedFilename, String[] argv, String[] envp, String cwd, Boolean setCredentials, UInt32 userId, UInt32 groupId, UInt32[] groups, Int32& stdinFd, Int32& stdoutFd, Int32& stderrFd, Boolean usesTerminal, Boolean throwOnNoExec)
   at System.Diagnostics.Process.StartCore(ProcessStartInfo startInfo)
   at System.Diagnostics.Process.Start(ProcessStartInfo startInfo)
   at ALKAROS.Host.Composition.Migrations.PsqlScriptRunner.RunProcessAsync(ProcessStartInfo startInfo, PsqlOptions options, CancellationToken cancellationToken) in /src/src/Host/Composition/Migrations/PsqlScriptRunner.cs:line 170
   at ALKAROS.Host.Composition.Migrations.PsqlScriptRunner.RunCommandAsync(String command, PsqlOptions options, CancellationToken cancellationToken) in /src/src/Host/Composition/Migrations/PsqlScriptRunner.cs:line 49
   at ALKAROS.Host.Tests.Fixtures.TestDatabase.InitializeAsync() in /src/tests/Host/MigrationComposition/Fixtures/TestDatabase.cs:line 44
  Failed ALKAROS.Host.Tests.History.MigrationHistoryTests.MismatchedHistoryTableSchemaIsRejectedBeforeAnyWrite [1 ms]
  Error Message:
   System.ComponentModel.Win32Exception : An error occurred trying to start process 'psql' with working directory '/src/tests/Host/MigrationComposition/bin/Release/net8.0'. No such file or directory
  Stack Trace:
     at System.Diagnostics.Process.ForkAndExecProcess(ProcessStartInfo startInfo, String resolvedFilename, String[] argv, String[] envp, String cwd, Boolean setCredentials, UInt32 userId, UInt32 groupId, UInt32[] groups, Int32& stdinFd, Int32& stdoutFd, Int32& stderrFd, Boolean usesTerminal, Boolean throwOnNoExec)
   at System.Diagnostics.Process.StartCore(ProcessStartInfo startInfo)
   at System.Diagnostics.Process.Start(ProcessStartInfo startInfo)
   at ALKAROS.Host.Composition.Migrations.PsqlScriptRunner.RunProcessAsync(ProcessStartInfo startInfo, PsqlOptions options, CancellationToken cancellationToken) in /src/src/Host/Composition/Migrations/PsqlScriptRunner.cs:line 170
   at ALKAROS.Host.Composition.Migrations.PsqlScriptRunner.RunCommandAsync(String command, PsqlOptions options, CancellationToken cancellationToken) in /src/src/Host/Composition/Migrations/PsqlScriptRunner.cs:line 49
   at ALKAROS.Host.Tests.Fixtures.TestDatabase.InitializeAsync() in /src/tests/Host/MigrationComposition/Fixtures/TestDatabase.cs:line 44
  Failed ALKAROS.Host.Tests.History.MigrationHistoryTests.FailedRollbackLeavesSchemaAndHistoryEntry [1 ms]
  Error Message:
   System.ComponentModel.Win32Exception : An error occurred trying to start process 'psql' with working directory '/src/tests/Host/MigrationComposition/bin/Release/net8.0'. No such file or directory
  Stack Trace:Passed!  - Failed:     0, Passed:    13, Skipped:     0, Total:    13, Duration: 459 ms
     at System.Diagnostics.Process.ForkAndExecProcess(ProcessStartInfo startInfo, String resolvedFilename, String[] argv, String[] envp, String cwd, Boolean setCredentials, UInt32 userId, UInt32 groupId, UInt32[] groups, Int32& stdinFd, Int32& stdoutFd, In - ALKAROS.Cash.Contracts.Tests.dll (net8.0)t32& stderrFd, Boolean usesTerminal, Boolean throwOnNoExec)
   at System.Diagnostics.Process.StartCore(ProcessStartInfo startInfo)
   at System.Diagnostics.Process.Start(ProcessStartInfo startInfo)
   at ALKAROS.Host.Composition.Migrations.PsqlScriptRunner.RunProcessAsync(ProcessStartInfo startInfo, PsqlOptions options, CancellationToken cancellationToken) in /src/src/Host/Composition/Migrations/PsqlScriptRunner.cs:line 170
   at ALKAROS.Host.Composition.Migrations.PsqlScriptRunner.RunCommandAsync(String co
mmand, PsqlOptions options, CancellationToken cancellationToken) in /src/src/Host/Composition/Migrations/PsqlScriptRunner.cs:line 49
   at ALKAROS.Host.Tests.Fixtures.TestDatabase.InitializeAsync() in /src/tests/Host/MigrationComposition/Fixtures/TestDatabase.cs:line 44
  Failed ALKAROS.Host.Tests.History.MigrationHistoryTests.ChangedChecksumIsRejectedBeforeScriptExecution [1 ms]
  Error Message:
   System.ComponentModel.Win32Exception : An error occurred trying to start process 'psql' with working directory '/src/tests/Host/MigrationComposition/bin/Release/net8.0'. No such file or directory
  Stack Trace:
     at System.Diagnostics.Process.ForkAndExecProcess(ProcessStartInfo startInfo, String resolvedFilename, String[] argv, String[] envp, String cwd, Boolean setCredentials, UInt32 userId, UInt32 groupId, UInt32[] groups, Int32& stdinFd, Int32& stdoutFd, Int32& stderrFd, Boolean usesTerminal, Boolean throwOnNoExec)
   at System.Diagnostics.Process.StartCore(ProcessStartInfo startInfo)
   at System.Diagnostics.Process.Start(ProcessStartInfo startInfo)
   at ALKAROS.Host.Composition.Migrations.PsqlScriptRunner.RunProcessAsync(ProcessStartInfo startInfo, PsqlOptions options, CancellationToken cancellationToken) in /src/src/Host/Composition/Migrations/PsqlScriptRunner.cs:line 170
   at ALKAROS.Host.Composition.Migrations.PsqlScriptRunner.RunCommandAsync(String command, PsqlOptions options, CancellationToken cancellationToken) in /src/src/Host/Composition/Migrations/PsqlScriptRunner.cs:line 49
   at ALKAROS.Host.Tests.Fixtures.TestDatabase.InitializeAsync() in /src/tests/Host/MigrationComposition/Fixtures/TestDatabase.cs:line 44
  Failed ALKAROS.Host.Tests.History.MigrationHistoryTests.FailedScriptLeavesNoProductSchemaOrHistoryEntry [1 ms]
  Error Message:
   System.ComponentModel.Win32Exception : An error occurred trying to start process 'psql' with working directory '/src/tests/Host/MigrationComposition/bin/Release/net8.0'. No such file or directory
  Stack Trace:
     at System.Diagnostics.Process.ForkAndExecProcess(ProcessStartInfo startInfo, String resolvedFilename, String[] argv, String[] envp, String cwd, Boolean setCredentials, UInt32 userId, UInt32 groupId, UInt32[] groups, Int32& stdinFd, Int32& stdoutFd, Int32& stderrFd, Boolean usesTerminal, Boolean throwOnNoExec)
   at System.Diagnostics.Process.StartCore(ProcessStartInfo startInfo)
   at System.Diagnostics.Process.Start(ProcessStartInfo startInfo)
   at ALKAROS.Host.Composition.Migrations.PsqlScriptRunner.RunProcessAsync(ProcessStartInfo startInfo, PsqlOptions options, CancellationToken cancellationToken) in /src/src/Host/Composition/Migrations/PsqlScriptRunner.cs:line 170
   at ALKAROS.Host.Composition.Migrations.PsqlScriptRunner.RunCommandAsync(String command, PsqlOptions options, CancellationToken cancellationToken) in /src/src/Host/Composition/Migrations/PsqlScriptRunner.cs:line 49
   at ALKAROS.Host.Tests.Fixtures.TestDatabase.InitializeAsync() in /src/tests/Host/MigrationComposition/Fixtures/TestDatabase.cs:line 44
  Failed ALKAROS.Host.Tests.History.MigrationHistoryTests.RollbackIsRefusedWhenPositionIsUnappliedOrHasLaterHistory [1 ms]
  Error Message:
   System.ComponentModel.Win32Exception : An error occurred trying to start process 'psql' with working directory '/src/tests/Host/MigrationComposition/bin/Release/net8.0'. No such file or directory
  Stack Trace:
     at System.Diagnostics.Process.ForkAndExecProcess(ProcessStartInfo startInfo, String resolvedFilename, String[] argv, String[] envp, String cwd, Boolean setCredentials, UInt32 userId, UInt32 groupId, UInt32[] groups, Int32& stdinFd, Int32& stdoutFd, Int32& stderrFd, Boolean usesTerminal, Boolean throwOnNoExec)
   at System.Diagnostics.Process.StartCore(ProcessStartInfo startInfo)
   at System.Diagnostics.Process.Start(ProcessStartInfo startInfo)
   at ALKAROS.Host.Composition.Migrations.PsqlScriptRunner.RunProcessAsync(ProcessStartInfo startInfo, PsqlOptions options, CancellationToken cancellationToken) in /src/src/Host/Composition/Migrations/PsqlScriptRunner.cs:line 170
   at ALKAROS.Host.Composition.Migrations.PsqlScriptRunner.RunCommandAsync(String command, PsqlOptions options, CancellationToken cancellationToken) in /src/src/Host/Composition/Migrations/PsqlScriptRunner.cs:line 49
   at ALKAROS.Host.Tests.Fixtures.TestDatabase.InitializeAsync() in /src/tests/Host/MigrationComposition/Fixtures/TestDatabase.cs:line 44
[xUnit.net 00:00:04.80]     ALKAROS.Host.Tests.Execution.MigrationExecutionTests.AppliesAllMigrationsInManifestOrderOnEmptyDatabase [FAIL]
[xUnit.net 00:00:04.80]     ALKAROS.Host.Tests.Execution.MigrationExecutionTests.ProgramMainRejectsDuplicateArguments [FAIL]
[xUnit.net 00:00:04.84]     ALKAROS.Host.Tests.Execution.MigrationExecutionTests.FailsFastAndReportsPartialSuccessWithoutHidingIt [FAIL]
[xUnit.net 00:00:04.85]     ALKAROS.Host.Tests.Execution.MigrationExecutionTests.RollbackOfUndeclaredOrMissingPositionIsRefused [FAIL]
[xUnit.net 00:00:04.89]     ALKAROS.Host.Tests.Execution.MigrationExecutionTests.OrderViolationPreventsAnyExecution [FAIL]
[xUnit.net 00:00:04.91]     ALKAROS.Host.Tests.Execution.MigrationExecutionTests.ProgramMainProducesTheDocumentedExitCodes [FAIL]
[xUnit.net 00:00:04.91]     ALKAROS.Host.Tests.Execution.MigrationExecutionTests.RollbackReversesTheAppliedMigration [FAIL]
[xUnit.net 00:00:04.91]     ALKAROS.Host.Tests.Execution.MigrationExecutionTests.DuplicatePositionPreventsAnyExecution [FAIL]
[xUnit.net 00:00:04.92]     ALKAROS.Host.Tests.Execution.MigrationExecutionTests.MissingMigrationPreventsAnyExecution [FAIL]
  Failed ALKAROS.Host.Tests.Execution.MigrationExecutionTests.AppliesAllMigrationsInManifestOrderOnEmptyDatabase [1 ms]
  Error Message:
   System.ComponentModel.Win32Exception : An error occurred trying to start process 'psql' with working directory '/src/tests/Host/MigrationComposition/bin/Release/net8.0'. No such file or directory
  Stack Trace:
     at System.Diagnostics.Process.ForkAndExecProcess(ProcessStartInfo startInfo, String resolvedFilename, String[] argv, String[] envp, String cwd, Boolean setCredentials, UInt32 userId, UInt32 groupId, UInt32[] groups, Int32& stdinFd, Int32& stdoutFd, Int32& stderrFd, Boolean usesTerminal, Boolean throwOnNoExec)
   at System.Diagnostics.Process.StartCore(ProcessStartInfo startInfo)
   at System.Diagnostics.Process.Start(ProcessStartInfo startInfo)
   at ALKAROS.Host.Composition.Migrations.PsqlScriptRunner.RunProcessAsync(ProcessStartInfo startInfo, PsqlOptions options, CancellationToken cancellationToken) in /src/src/Host/Composition/Migrations/PsqlScriptRunner.cs:line 170
   at ALKAROS.Host.Composition.Migrations.PsqlScriptRunner.RunCommandAsync(String command, PsqlOptions options, CancellationToken cancellationToken) in /src/src/Host/Composition/Migrations/PsqlScriptRunner.cs:line 49
   at ALKAROS.Host.Tests.Fixtures.TestDatabase.InitializeAsync() in /src/tests/Host/MigrationComposition/Fixtures/TestDatabase.cs:line 44
  Failed ALKAROS.Host.Tests.Execution.MigrationExecutionTests.ProgramMainRejectsDuplicateArguments [1 ms]
  Error Message:
   System.ComponentModel.Win32Exception : An error occurred trying to start process 'psql' with working directory '/src/tests/Host/MigrationComposition/bin/Release/net8.0'. No such file or directory
  Stack Trace:
     at System.Diagnostics.Process.ForkAndExecProcess(ProcessStartInfo startInfo, String resolvedFilename, String[] argv, String[] envp, String cwd, Boolean setCredentials, UInt32 userId, UInt32 groupId, UInt32[] groups, Int32& stdinFd, Int32& stdoutFd, Int32& stderrFd, Boolean usesTerminal, Boolean throwOnNoExec)
   at System.Diagnostics.Process.StartCore(ProcessStartInfo startInfo)
   at System.Diagnostics.Process.Start(ProcessStartInfo startInfo)
   at ALKAROS.Host.Composition.Migrations.PsqlScriptRunner.RunProcessAsync(ProcessStartInfo startInfo, PsqlOptions options, CancellationToken cancellationToken) in /src/src/Host/Composition/Migrations/PsqlScriptRunner.cs:line 170
   at ALKAROS.Host.Composition.Migrations.PsqlScriptRunner.RunCommandAsync(String command, PsqlOptions options, CancellationToken cancellationToken) in /src/src/Host/Composition/Migrations/PsqlScriptRunner.cs:line 49
   at ALKAROS.Host.Tests.Fixtures.TestDatabase.InitializeAsync() in /src/tests/Host/MigrationComposition/Fixtures/TestDatabase.cs:line 44
  Failed ALKAROS.Host.Tests.Execution.MigrationExecutionTests.FailsFastAndReportsPartialSuccessWithoutHidingIt [1 ms]
  Error Message:
   System.ComponentModel.Win32Exception : An error occurred trying to start process 'psql' with working directory '/src/tests/Host/MigrationComposition/bin/Release/net8.0'. No such file or directory
  Stack Trace:
     at System.Diagnostics.Process.ForkAndExecProcess(ProcessStartInfo startInfo, String resolvedFilename, String[] argv, String[] envp, String cwd, Boolean setCredentials, UInt32 userId, UInt32 groupId, UInt32[] groups, Int32& stdinFd, Int32& stdoutFd, Int32& stderrFd, Boolean usesTerminal, Boolean throwOnNoExec)
   at System.Diagnostics.Process.StartCore(ProcessStartInfo startInfo)
   at System.Diagnostics.Process.Start(ProcessStartInfo startInfo)
   at ALKAROS.Host.Composition.Migrations.PsqlScriptRunner.RunProcessAsync(ProcessStartInfo startInfo, PsqlOptions options, CancellationToken cancellationToken) in /src/src/Host/Composition/Migrations/PsqlScriptRunner.cs:line 170
   at ALKAROS.Host.Composition.Migrations.PsqlScriptRunner.RunCommandAsync(String command, PsqlOptions options, CancellationToken cancellationToken) in /src/src/Host/Composition/Migrations/PsqlScriptRunner.cs:line 49
   at ALKAROS.Host.Tests.Fixtures.TestDatabase.InitializeAsync() in /src/tests/Host/MigrationComposition/Fixtures/TestDatabase.cs:line 44
  Failed ALKAROS.Host.Tests.Execution.MigrationExecutionTests.RollbackOfUndeclaredOrMissingPositionIsRefused [1 ms]
  Error Message:
   System.ComponentModel.Win32Exception : An error occurred trying to start process 'psql' with working directory '/src/tests/Host/MigrationComposition/bin/Release/net8.0'. No such file or directory
  Stack Trace:
     at System.Diagnostics.Process.ForkAndExecProcess(ProcessStartInfo startInfo, String resolvedFilename, String[] argv, String[] envp, String cwd, Boolean setCredentials, UInt32 userId, UInt32 groupId, UInt32[] groups, Int32& stdinFd, Int32& stdoutFd, Int32& stderrFd, Boolean usesTerminal, Boolean throwOnNoExec)
   at System.Diagnostics.Process.StartCore(ProcessStartInfo startInfo)
   at System.Diagnostics.Process.Start(ProcessStartInfo startInfo)
   at ALKAROS.Host.Composition.Migrations.PsqlScriptRunner.RunProcessAsync(ProcessStartInfo startInfo, PsqlOptions options, CancellationToken cancellationToken) in /src/src/Host/Composition/Migrations/PsqlScriptRunner.cs:line 170
   at ALKAROS.Host.Composition.Migrations.PsqlScriptRunner.RunCommandAsync(String command, PsqlOptions options, CancellationToken cancellationToken) in /src/src/Host/Composition/Migrations/PsqlScriptRunner.cs:line 49
   at ALKAROS.Host.Tests.Fixtures.TestDatabase.InitializeAsync() in /src/tests/Host/MigrationComposition/Fixtures/TestDatabase.cs:line 44
  Failed ALKAROS.Host.Tests.Execution.MigrationExecutionTests.OrderViolationPreventsAnyExecution [1 ms]
  Error Message:
   System.ComponentModel.Win32Exception : An error occurred trying to start process 'psql' with working directory '/src/tests/Host/MigrationComposition/bin/Release/net8.0'. No such file or directory
  Stack Trace:
     at System.Diagnostics.Process.ForkAndExecProcess(ProcessStartInfo startInfo, String resolvedFilename, String[] argv, String[] envp, String cwd, Boolean setCredentials, UInt32 userId, UInt32 groupId, UInt32[] groups, Int32& stdinFd, Int32& stdoutFd, Int32& stderrFd, Boolean usesTerminal, Boolean throwOnNoExec)
   at System.Diagnostics.Process.StartCore(ProcessStartInfo startInfo)
   at System.Diagnostics.Process.Start(ProcessStartInfo startInfo)
   at ALKAROS.Host.Composition.Migrations.PsqlScriptRunner.RunProcessAsync(ProcessStartInfo startInfo, PsqlOptions options, CancellationToken cancellationToken) in /src/src/Host/Composition/Migrations/PsqlScriptRunner.cs:line 170
   at ALKAROS.Host.Composition.Migrations.PsqlScriptRunner.RunCommandAsync(String command, PsqlOptions options, CancellationToken cancellationToken) in /src/src/Host/Composition/Migrations/PsqlScriptRunner.cs:line 49
   at ALKAROS.Host.Tests.Fixtures.TestDatabase.InitializeAsync() in /src/tests/Host/MigrationComposition/Fixtures/TestDatabase.cs:line 44
  Failed ALKAROS.Host.Tests.Execution.MigrationExecutionTests.ProgramMainProducesTheDocumentedExitCodes [1 ms]
  Error Message:
   System.ComponentModel.Win32Exception : An error occurred trying to start process 'psql' with working directory '/src/tests/Host/MigrationComposition/bin/Release/net8.0'. No such file or directory
  Stack Trace:
     at System.Diagnostics.Process.ForkAndExecProcess(ProcessStartInfo startInfo, String resolvedFilename, String[] argv, String[] envp, String cwd, Boolean setCredentials, UInt32 userId, UInt32 groupId, UInt32[] groups, Int32& stdinFd, Int32& stdoutFd, Int32& stderrFd, Boolean usesTerminal, Boolean throwOnNoExec)
   at System.Diagnostics.Process.StartCore(ProcessStartInfo startInfo)
   at System.Diagnostics.Process.Start(ProcessStartInfo startInfo)
   at ALKAROS.Host.Composition.Migrations.PsqlScriptRunner.RunProcessAsync(ProcessStartInfo startInfo, PsqlOptions options, CancellationToken cancellationToken) in /src/src/Host/Composition/Migrations/PsqlScriptRunner.cs:line 170
   at ALKAROS.Host.Composition.Migrations.PsqlScriptRunner.RunCommandAsync(String command, PsqlOptions options, CancellationToken cancellationToken) in /src/src/Host/Composition/Migrations/PsqlScriptRunner.cs:line 49
   at ALKAROS.Host.Tests.Fixtures.TestDatabase.InitializeAsync() in /src/tests/Host/MigrationComposition/Fixtures/TestDatabase.cs:line 44
  Failed ALKAROS.Host.Tests.Execution.MigrationExecutionTests.RollbackReversesTheAppliedMigration [1 ms]
  Error Message:
   System.ComponentModel.Win32Exception : An error occurred trying to start process 'psql' with working directory '/src/tests/Host/MigrationComposition/bin/Release/net8.0'. No such file or directory
  Stack Trace:
     at System.Diagnostics.Process.ForkAndExecProcess(ProcessStartInfo startInfo, String resolvedFilename, String[] argv, String[] envp, String cwd, Boolean setCredentials, UInt32 userId, UInt32 groupId, UInt32[] groups, Int32& stdinFd, Int32& stdoutFd, Int32& stderrFd, Boolean usesTerminal, Boolean throwOnNoExec)
   at System.Diagnostics.Process.StartCore(ProcessStartInfo startInfo)
   at System.Diagnostics.Process.Start(ProcessStartInfo startInfo)
   at ALKAROS.Host.Composition.Migrations.PsqlScriptRunner.RunProcessAsync(ProcessStartInfo startInfo, PsqlOptions options, CancellationToken cancellationToken) in /src/src/Host/Composition/Migrations/PsqlScriptRunner.cs:line 170
   at ALKAROS.Host.Composition.Migrations.PsqlScriptRunner.RunCommandAsync(String command, PsqlOptions options, CancellationToken cancellationToken) in /src/src/Host/Composition/Migrations/PsqlScriptRunner.cs:line 49
   at ALKAROS.Host.Tests.Fixtures.TestDatabase.InitializeAsync() in /src/tests/Host/MigrationComposition/Fixtures/TestDatabase.cs:line 44
  Failed ALKAROS.Host.Tests.Execution.MigrationExecutionTests.DuplicatePositionPreventsAnyExecution [1 ms]
  Error Message:
   System.ComponentModel.Win32Exception : An error occurred trying to start process 'psql' with working directory '/src/tests/Host/MigrationComposition/bin/Release/net8.0'. No such file or directory
  Stack Trace:
     at System.Diagnostics.Process.ForkAndExecProcess(ProcessStartInfo startInfo, String resolvedFilename, String[] argv, String[] envp, String cwd, Boolean setCredentials, UInt32 userId, UInt32 groupId, UInt32[] groups, Int32& stdinFd, Int32& stdoutFd, Int32& stderrFd, Boolean usesTerminal, Boolean throwOnNoExec)
   at System.Diagnostics.Process.StartCore(ProcessStartInfo startInfo)
   at System.Diagnostics.Process.Start(ProcessStartInfo startInfo)
   at ALKAROS.Host.Composition.Migrations.PsqlScriptRunner.RunProcessAsync(ProcessStartInfo startInfo, PsqlOptions options, CancellationToken cancellationToken) in /src/src/Host/Composition/Migrations/PsqlScriptRunner.cs:line 170
   at ALKAROS.Host.Composition.Migrations.PsqlScriptRunner.RunCommandAsync(String command, PsqlOptions options, CancellationToken cancellationToken) in /src/src/Host/Composition/Migrations/PsqlScriptRunner.cs:line 49
   at ALKAROS.Host.Tests.Fixtures.TestDatabase.InitializeAsync() in /src/tests/Host/MigrationComposition/Fixtures/TestDatabase.cs:line 44
  Failed ALKAROS.Host.Tests.Execution.MigrationExecutionTests.MissingMigrationPreventsAnyExecution [1 ms]
  Error Message:
   System.ComponentModel.Win32Exception : An error occurred trying to start process 'psql' with working directory '/src/tests/Host/MigrationComposition/bin/Release/net8.0'. No such file or directory
  Stack Trace:
     at System.Diagnostics.Process.ForkAndExecProcess(ProcessStartInfo startInfo, String resolvedFilename, String[] argv, String[] envp, String cwd, Boolean setCredentials, UInt32 userId, UInt32 groupId, UInt32[] groups, Int32& stdinFd, Int32& stdoutFd, Int32& stderrFd, Boolean usesTerminal, Boolean throwOnNoExec)
   at System.Diagnostics.Process.StartCore(ProcessStartInfo startInfo)
   at System.Diagnostics.Process.Start(ProcessStartInfo startInfo)
   at ALKAROS.Host.Composition.Migrations.PsqlScriptRunner.RunProcessAsync(ProcessStartInfo startInfo, PsqlOptions options, CancellationToken cancellationToken) in /src/src/Host/Composition/Migrations/PsqlScriptRunner.cs:line 170
   at ALKAROS.Host.Composition.Migrations.PsqlScriptRunner.RunCommandAsync(String command, PsqlOptions options, CancellationToken cancellationToken) in /src/src/Host/Composition/Migrations/PsqlScriptRunner.cs:line 49
   at ALKAROS.Host.Tests.Fixtures.TestDatabase.InitializeAsync() in /src/tests/Host/MigrationComposition/Fixtures/TestDatabase.cs:line 44
Test run for /src/tests/Modules/Identity/Authentication/bin/Release/net8.0/ALKAROS.Identity.Authentication.Tests.dll (.NETCoreApp,Version=v8.0)
Results File: /src/tests/Modules/Audit/EventStore/TestResults/_f251654923f2_2026-08-26_23_28_40_net8.0.trx

Passed!  - Failed:     0, Passed:     9, Skipped:     0, Total:     9, Duration: 2 s - ALKAROS.Audit.EventStore.Tests.dll (net8.0)
Results File: /src/tests/Host/Experience/Composition/TestResults/_f251654923f2_2026-08-26_23_28_46_net8.0.trx

Passed!  - Failed:     0, Passed:     1, Skipped:     0, Total:     1, Duration: 6 s - ALKAROS.Host.Experience.Composition.Tests.dll (net8.0)
A total of 1 test files matched the specified pattern.
Results File: /src/tests/Modules/Billing/Adjustments/TestResults/_f251654923f2_2026-08-26_23_28_41_net8.0.trx

Passed!  - Failed:     0, Passed:    14, Skipped:     0, Total:    14, Duration: 5 s - ALKAROS.Billing.Adjustments.Tests.dll (net8.0)
Test run for /src/tests/Modules/Identity/Authorization/bin/Release/net8.0/ALKAROS.Identity.Authorization.Tests.dll (.NETCoreApp,Version=v8.0)
Test run for /src/tests/Modules/Identity/DeviceSessions/bin/Release/net8.0/ALKAROS.Identity.DeviceSessions.Tests.dll (.NETCoreApp,Version=v8.0)
Test run for /src/tests/Modules/Kitchen/PhysicalPrintRecovery/bin/Release/net8.0/ALKAROS.Kitchen.PhysicalPrintRecovery.Tests.dll (.NETCoreApp,Version=v8.0)
Results File: /src/tests/Modules/Billing/SplitDesign/TestResults/_f251654923f2_2026-08-26_23_28_42_net8.0.trx

Passed!  - Failed:     0, Passed:    22, Skipped:     0, Total:    22, Duration: 5 s - ALKAROS.Billing.SplitDesign.Tests.dll (net8.0)
A total of 1 test files matched the specified pattern.
A total of 1 test files matched the specified pattern.
Results File: /src/tests/Modules/Billing/BillFoundation/TestResults/_f251654923f2_2026-08-26_23_28_41_net8.0.trx

Passed!  - Failed:     0, Passed:    36, Skipped:     0, Total:    36, Duration: 7 s - ALKAROS.Billing.BillFoundation.Tests.dll (net8.0)
Test run for /src/tests/Modules/Kitchen/PrintQueue/bin/Release/net8.0/ALKAROS.Kitchen.PrintQueue.Tests.dll (.NETCoreApp,Version=v8.0)
Results File: /src/tests/Modules/Catalog/Pricing/TestResults/_f251654923f2_2026-08-26_23_28_45_net8.0.trx

Passed!  - Failed:     0, Passed:    27, Skipped:     0, Total:    27, Duration: 4 s - ALKAROS.Catalog.Pricing.Tests.dll (net8.0)
A total of 1 test files matched the specified pattern.
Test run for /src/tests/Modules/Kitchen/Routing/bin/Release/net8.0/ALKAROS.Kitchen.Routing.Tests.dll (.NETCoreApp,Version=v8.0)
Test run for /src/tests/Modules/Kitchen/TicketLifecycle/bin/Release/net8.0/ALKAROS.Kitchen.TicketLifecycle.Tests.dll (.NETCoreApp,Version=v8.0)
[xUnit.net 00:00:12.77]     ALKAROS.Host.Tests.DualScreen.DualScreenAuthorizationHttpTests.LoginCookieAuthorizationDenialDisplayIsolationAndRevocationAreEnforcedOverHttp [FAIL]
[xUnit.net 00:00:12.78]     ALKAROS.Host.Tests.DualScreen.DualScreenAuthorizationHttpTests.CatalogHttpContractKeepsLegacyArrayAndProvidesFilteredStableBoundedContinuation [FAIL]
[xUnit.net 00:00:12.81]     ALKAROS.Host.Tests.DualScreen.DualScreenStoreTests.ConcurrentTableStartsAllowOnlyOneOrderAndLeaveConsistentPointers [FAIL]
[xUnit.net 00:00:12.83]     ALKAROS.Host.Tests.DualScreen.DualScreenStoreTests.TableBoundOrderRejectsStaleOrBusyTablesWithoutCreatingAnotherOrder [FAIL]
[xUnit.net 00:00:12.83]     ALKAROS.Host.Tests.DualScreen.DualScreenStoreTests.TableBoundOrderCommitsOrderAndTablePointersTogether [FAIL]
  Failed ALKAROS.Host.Tests.DualScreen.DualScreenAuthorizationHttpTests.LoginCookieAuthorizationDenialDisplayIsolationAndRevocationAreEnforcedOverHttp [1 ms]
  Error Message:
   System.ComponentModel.Win32Exception : An error occurred trying to start process 'psql' with working directory '/src/tests/Host/MigrationComposition/bin/Release/net8.0'. No such file or directory
  Stack Trace:
     at System.Diagnostics.Process.ForkAndExecProcess(ProcessStartInfo startInfo, String resolvedFilename, String[] argv, String[] envp, String cwd, Boolean setCredentials, UInt32 userId, UInt32 groupId, UInt32[] groups, Int32& stdinFd, Int32& stdoutFd, Int32& stderrFd, Boolean usesTerminal, Boolean throwOnNoExec)
   at System.Diagnostics.Process.StartCore(ProcessStartInfo startInfo)
   at System.Diagnostics.Process.Start(ProcessStartInfo startInfo)
   at ALKAROS.Host.Composition.Migrations.PsqlScriptRunner.RunProcessAsync(ProcessStartInfo startInfo, PsqlOptions options, CancellationToken cancellationToken) in /src/src/Host/Composition/Migrations/PsqlScriptRunner.cs:line 170
   at ALKAROS.Host.Composition.Migrations.PsqlScriptRunner.RunCommandAsync(String command, PsqlOptions options, CancellationToken cancellationToken) in /src/src/Host/Composition/Migrations/PsqlScriptRunner.cs:line 49
   at ALKAROS.Host.Tests.Fixtures.TestDatabase.InitializeAsync() in /src/tests/Host/MigrationComposition/Fixtures/TestDatabase.cs:line 44
   at ALKAROS.Host.Tests.DualScreen.DualScreenAuthorizationHttpTests.InitializeAsync() in /src/tests/Host/MigrationComposition/DualScreen/DualScreenHostTests.cs:line 206
  Failed ALKAROS.Host.Tests.DualScreen.DualScreenAuthorizationHttpTests.CatalogHttpContractKeepsLegacyArrayAndProvidesFilteredStableBoundedContinuation [1 ms]
  Error Message:
   System.ComponentModel.Win32Exception : An error occurred trying to start process 'psql' with working directory '/src/tests/Host/MigrationComposition/bin/Release/net8.0'. No such file or directoryA total of 1 test files matched the specified pattern.
  Stack Trace:

     at System.Diagnostics.Process.ForkAndExecProcess(ProcessStartInfo startInfo, String resolvedFilename, String[] argv, String[] envp, String cwd, Boolean setCredentials, UInt32 userId, UInt32 groupId, UInt32[] groups, Int32& stdinFd, Int32& stdoutFd, Int32& stderrFd, Boolean usesTerminal, Boolean throwOnNoExec)
   at System.Diagnostics.Process.StartCore(ProcessStartInfo startInfo)
   at System.Diagnostics.Process.Start(ProcessStartInfo startInfo)
   at ALKAROS.Host.Composition.Migrations.PsqlScriptRunner.RunProcessAsync(ProcessStartInfo startInfo, PsqlOptions options, CancellationToken cancellationToken) in /src/src/Host/Composition/Migrations/PsqlScriptRunner.cs:line 170
   at ALKAROS.Host.Composition.Migrations.PsqlScriptRunner.RunCommandAsync(String command, PsqlOptions options, CancellationToken cancellationToken) in /src/src/Host/Composition/Migrations/PsqlScriptRunner.cs:line 49
   at ALKAROS.Host.Tests.Fixtures.TestDatabase.InitializeAsync() in /src/tests/Host/MigrationComposition/Fixtures/TestDatabase.cs:line 44
   at ALKAROS.Host.Tests.DualScreen.DualScreenAuthorizationHttpTests.InitializeAsync() in /src/tests/Host/MigrationComposition/DualScreen/DualScreenHostTests.cs:line 206
  Failed ALKAROS.Host.Tests.DualScreen.DualScreenStoreTests.ConcurrentTableStartsAllowOnlyOneOrderAndLeaveConsistentPointers [1 ms]
  Error Message:
   System.ComponentModel.Win32Exception : An error occurred trying to start process 'psql' with working directory '/src/tests/Host/MigrationComposition/bin/Release/net8.0'. No such file or directory
  Stack Trace:
     at System.Diagnostics.Process.ForkAndExecProcess(ProcessStartInfo startInfo, String resolvedFilename, String[] argv, String[] envp, String cwd, Boolean setCredentials, UInt32 userId, UInt32 groupId, UInt32[] groups, Int32& stdinFd, Int32& stdoutFd, Int32& stderrFd, Boolean usesTerminal, Boolean throwOnNoExec)
   at System.Diagnostics.Process.StartCore(ProcessStartInfo startInfo)
   at System.Diagnostics.Process.Start(ProcessStartInfo startInfo)
   at ALKAROS.Host.Composition.Migrations.PsqlScriptRunner.RunProcessAsync(ProcessStartInfo startInfo, PsqlOptions options, CancellationToken cancellationToken) in /src/src/Host/Composition/Migrations/PsqlScriptRunner.cs:line 170
   at ALKAROS.Host.Composition.Migrations.PsqlScriptRunner.RunCommandAsync(String command, PsqlOptions options, CancellationToken cancellationToken) in /src/src/Host/Composition/Migrations/PsqlScriptRunner.cs:line 49
   at ALKAROS.Host.Tests.Fixtures.TestDatabase.InitializeAsync() in /src/tests/Host/MigrationComposition/Fixtures/TestDatabase.cs:line 44
   at ALKAROS.Host.Tests.DualScreen.DualScreenStoreTests.InitializeAsync() in /src/tests/Host/MigrationComposition/DualScreen/DualScreenStoreTests.cs:line 19
  Failed ALKAROS.Host.Tests.DualScreen.DualScreenStoreTests.TableBoundOrderRejectsStaleOrBusyTablesWithoutCreatingAnotherOrder [1 ms]
  Error Message:
   System.ComponentModel.Win32Exception : An error occurred trying to start process 'psql' with working directory '/src/tests/Host/MigrationComposition/bin/Release/net8.0'. No such file or directory
  Stack Trace:
     at System.Diagnostics.Process.ForkAndExecProcess(ProcessStartInfo startInfo, String resolvedFilename, String[] argv, String[] envp, String cwd, Boolean setCredentials, UInt32 userId, UInt32 groupId, UInt32[] groups, Int32& stdinFd, Int32& stdoutFd, Int32& stderrFd, Boolean usesTerminal, Boolean throwOnNoExec)
   at System.Diagnostics.Process.StartCore(ProcessStartInfo startInfo)
   at System.Diagnostics.Process.Start(ProcessStartInfo startInfo)
   at ALKAROS.Host.Composition.Migrations.PsqlScriptRunner.RunProcessAsync(ProcessStartInfo startInfo, PsqlOptions options, CancellationToken cancellationToken) in /src/src/Host/Composition/Migrations/PsqlScriptRunner.cs:line 170
   at ALKAROS.Host.Composition.Migrations.PsqlScriptRunner.RunCommandAsync(String command, PsqlOptions options, CancellationToken cancellationToken) in /src/src/Host/Composition/Migrations/PsqlScriptRunner.cs:line 49
   at ALKAROS.Host.Tests.Fixtures.TestDatabase.InitializeAsync() in /src/tests/Host/MigrationComposition/Fixtures/TestDatabase.cs:line 44
   at ALKAROS.Host.Tests.DualScreen.DualScreenStoreTests.InitializeAsync() in /src/tests/Host/MigrationComposition/DualScreen/DualScreenStoreTests.cs:line 19
  Failed ALKAROS.Host.Tests.DualScreen.DualScreenStoreTests.TableBoundOrderCommitsOrderAndTablePointersTogether [1 ms]
  Error Message:
   System.ComponentModel.Win32Exception : An error occurred trying to start process 'psql' with working directory '/src/tests/Host/MigrationComposition/bin/Release/net8.0'. No such file or directory
  Stack Trace:
     at System.Diagnostics.Process.ForkAndExecProcess(ProcessStartInfo startInfo, String resolvedFilename, String[] argv, String[] envp, String cwd, Boolean setCredentials, UInt32 userId, UInt32 groupId, UInt32[] groups, Int32& stdinFd, Int32& stdoutFd, Int32& stderrFd, Boolean usesTerminal, Boolean throwOnNoExec)
   at System.Diagnostics.Process.StartCore(ProcessStartInfo startInfo)
   at System.Diagnostics.Process.Start(ProcessStartInfo startInfo)
   at ALKAROS.Host.Composition.Migrations.PsqlScriptRunner.RunProcessAsync(ProcessStartInfo startInfo, PsqlOptions options, CancellationToken cancellationToken) in /src/src/Host/Composition/Migrations/PsqlScriptRunner.cs:line 170
   at ALKAROS.Host.Composition.Migrations.PsqlScriptRunner.RunCommandAsync(String command, PsqlOptions options, CancellationToken cancellationToken) in /src/src/Host/Composition/Migrations/PsqlScriptRunner.cs:line 49
   at ALKAROS.Host.Tests.Fixtures.TestDatabase.InitializeAsync() in /src/tests/Host/MigrationComposition/Fixtures/TestDatabase.cs:line 44
   at ALKAROS.Host.Tests.DualScreen.DualScreenStoreTests.InitializeAsync() in /src/tests/Host/MigrationComposition/DualScreen/DualScreenStoreTests.cs:line 19
[xUnit.net 00:00:12.84]     ALKAROS.Host.Tests.DualScreen.DualScreenStoreTests.SequentialAddsCommit999AndRejectCumulative1000WithoutChangingRevision [FAIL]
[xUnit.net 00:00:12.85]     ALKAROS.Host.Tests.DualScreen.DualScreenStoreTests.ConcurrentAddsWithSameRevisionCannotCommitCumulative1000 [FAIL]
[xUnit.net 00:00:12.86]     ALKAROS.Host.Tests.Composition.PostgresqlExtensionLifecycleTests.Partial012RollbackKeeps007ConstraintAndFull007RollbackDropsInDependencyOrder [FAIL]
[xUnit.net 00:00:12.86]     ALKAROS.Host.Tests.Composition.PostgresqlExtensionLifecycleTests.ExternalExtensionDependencyMakesFullRollbackFailClosedWithoutPartialObjectLoss [FAIL]
[xUnit.net 00:00:12.87]     ALKAROS.Host.Tests.Composition.PostgresqlExtensionLifecycleTests.ForwardMigrationIdentityRemainsCompatibleWithApplied007And012History [FAIL]
[xUnit.net 00:00:12.87]     ALKAROS.Host.Tests.Composition.PostgresqlExtensionLifecycleTests.PartialRollbackAssertionRejectsMissing007Dependency [FAIL]
[xUnit.net 00:00:12.89]     ALKAROS.Host.Tests.Composition.PostgresqlExtensionLifecycleTests.PreExistingUnsharedExtensionIsKeptAtPartialRollbackAndRemovedOnlyAtFullRollback [FAIL]
  Failed ALKAROS.Host.Tests.DualScreen.DualScreenStoreTests.SequentialAddsCommit999AndRejectCumulative1000WithoutChangingRevision [1 ms]
  Error Message:
   System.ComponentModel.Win32Exception : An error occurred trying to start process 'psql' with working directory '/src/tests/Host/MigrationComposition/bin/Release/net8.0'. No such file or directory
  Stack Trace:
     at System.Diagnostics.Process.ForkAndExecProcess(ProcessStartInfo startInfo, String resolvedFilename, String[] argv, String[] envp, String cwd, Boolean setCredentials, UInt32 userId, UInt32 groupId, UInt32[] groups, Int32& stdinFd, Int32& stdoutFd, Int32& stderrFd, Boolean usesTerminal, Boolean throwOnNoExec)
   at System.Diagnostics.Process.StartCore(ProcessStartInfo startInfo)
   at System.Diagnostics.Process.Start(ProcessStartInfo startInfo)
   at ALKAROS.Host.Composition.Migrations.PsqlScriptRunner.RunProcessAsync(ProcessStartInfo startInfo, PsqlOptions options, CancellationToken cancellationToken) in /src/src/Host/Composition/Migrations/PsqlScriptRunner.cs:line 170
   at ALKAROS.Host.Composition.Migrations.PsqlScriptRunner.RunCommandAsync(String command, PsqlOptions options, CancellationToken cancellationToken) in /src/src/Host/Composition/Migrations/PsqlScriptRunner.cs:line 49
   at ALKAROS.Host.Tests.Fixtures.TestDatabase.InitializeAsync() in /src/tests/Host/MigrationComposition/Fixtures/TestDatabase.cs:line 44
   at ALKAROS.Host.Tests.DualScreen.DualScreenStoreTests.InitializeAsync() in /src/tests/Host/MigrationComposition/DualScreen/DualScreenStoreTests.cs:line 19
  Failed ALKAROS.Host.Tests.DualScreen.DualScreenStoreTests.ConcurrentAddsWithSameRevisionCannotCommitCumulative1000 [1 ms]
  Error Message:
   System.ComponentModel.Win32Exception : An error occurred trying to start process 'psql' with working directory '/src/tests/Host/MigrationComposition/bin/Release/net8.0'. No such file or directory
  Stack Trace:
     at System.Diagnostics.Process.ForkAndExecProcess(ProcessStartInfo startInfo, String resolvedFilename, String[] argv, String[] envp, String cwd, Boolean setCredentials, UInt32 userId, UInt32 groupId, UInt32[] groups, Int32& stdinFd, Int32& stdoutFd, Int32& stderrFd, Boolean usesTerminal, Boolean throwOnNoExec)
   at System.Diagnostics.Process.StartCore(ProcessStartInfo startInfo)
   at System.Diagnostics.Process.Start(ProcessStartInfo startInfo)
   at ALKAROS.Host.Composition.Migrations.PsqlScriptRunner.RunProcessAsync(ProcessStartInfo startInfo, PsqlOptions options, CancellationToken cancellationToken) in /src/src/Host/Composition/Migrations/PsqlScriptRunner.cs:line 170
   at ALKAROS.Host.Composition.Migrations.PsqlScriptRunner.RunCommandAsync(String command, PsqlOptions options, CancellationToken cancellationToken) in /src/src/Host/Composition/Migrations/PsqlScriptRunner.cs:line 49
   at ALKAROS.Host.Tests.Fixtures.TestDatabase.InitializeAsync() in /src/tests/Host/MigrationComposition/Fixtures/TestDatabase.cs:line 44
   at ALKAROS.Host.Tests.DualScreen.DualScreenStoreTests.InitializeAsync() in /src/tests/Host/MigrationComposition/DualScreen/DualScreenStoreTests.cs:line 19
  Failed ALKAROS.Host.Tests.Composition.PostgresqlExtensionLifecycleTests.Partial012RollbackKeeps007ConstraintAndFull007RollbackDropsInDependencyOrder [1 ms]
  Error Message:
   System.ComponentModel.Win32Exception : An error occurred trying to start process 'psql' with working directory '/src/tests/Host/MigrationComposition/bin/Release/net8.0'. No such file or directory
  Stack Trace:
     at System.Diagnostics.Process.ForkAndExecProcess(ProcessStartInfo startInfo, String resolvedFilename, String[] argv, String[] envp, String cwd, Boolean setCredentials, UInt32 userId, UInt32 groupId, UInt32[] groups, Int32& stdinFd, Int32& stdoutFd, Int32& stderrFd, Boolean usesTerminal, Boolean throwOnNoExec)
   at System.Diagnostics.Process.StartCore(ProcessStartInfo startInfo)
   at System.Diagnostics.Process.Start(ProcessStartInfo startInfo)
   at ALKAROS.Host.Composition.Migrations.PsqlScriptRunner.RunProcessAsync(ProcessStartInfo startInfo, PsqlOptions options, CancellationToken cancellationToken) in /src/src/Host/Composition/Migrations/PsqlScriptRunner.cs:line 170
   at ALKAROS.Host.Composition.Migrations.PsqlScriptRunner.RunCommandAsync(String command, PsqlOptions options, CancellationToken cancellationToken) in /src/src/Host/Composition/Migrations/PsqlScriptRunner.cs:line 49
   at ALKAROS.Host.Tests.Fixtures.TestDatabase.InitializeAsync() in /src/tests/Host/MigrationComposition/Fixtures/TestDatabase.cs:line 44
  Failed ALKAROS.Host.Tests.Composition.PostgresqlExtensionLifecycleTests.ExternalExtensionDependencyMakesFullRollbackFailClosedWithoutPartialObjectLoss [1 ms]
  Error Message:
   System.ComponentModel.Win32Exception : An error occurred trying to start process 'psql' with working directory '/src/tests/Host/MigrationComposition/bin/Release/net8.0'. No such file or directory
  Stack Trace:
     at System.Diagnostics.Process.ForkAndExecProcess(ProcessStartInfo startInfo, String resolvedFilename, String[] argv, String[] envp, String cwd, Boolean setCredentials, UInt32 userId, UInt32 groupId, UInt32[] groups, Int32& stdinFd, Int32& stdoutFd, Int32& stderrFd, Boolean usesTerminal, Boolean throwOnNoExec)
   at System.Diagnostics.Process.StartCore(ProcessStartInfo startInfo)
   at System.Diagnostics.Process.Start(ProcessStartInfo startInfo)
   at ALKAROS.Host.Composition.Migrations.PsqlScriptRunner.RunProcessAsync(ProcessStartInfo startInfo, PsqlOptions options, CancellationToken cancellationToken) in /src/src/Host/Composition/Migrations/PsqlScriptRunner.cs:line 170
   at ALKAROS.Host.Composition.Migrations.PsqlScriptRunner.RunCommandAsync(String command, PsqlOptions options, CancellationToken cancellationToken) in /src/src/Host/Composition/Migrations/PsqlScriptRunner.cs:line 49
   at ALKAROS.Host.Tests.Fixtures.TestDatabase.InitializeAsync() in /src/tests/Host/MigrationComposition/Fixtures/TestDatabase.cs:line 44
  Failed ALKAROS.Host.Tests.Composition.PostgresqlExtensionLifecycleTests.ForwardMigrationIdentityRemainsCompatibleWithApplied007And012History [1 ms]
  Error Message:
   System.ComponentModel.Win32Exception : An error occurred trying to start process 'psql' with working directory '/src/tests/Host/MigrationComposition/bin/Release/net8.0'. No such file or directory
  Stack Trace:
     at System.Diagnostics.Process.ForkAndExecProcess(ProcessStartInfo startInfo, String resolvedFilename, String[] argv, String[] envp, String cwd, Boolean setCredentials, UInt32 userId, UInt32 groupId, UInt32[] groups, Int32& stdinFd, Int32& stdoutFd, Int32& stderrFd, Boolean usesTerminal, Boolean throwOnNoExec)
   at System.Diagnostics.Process.StartCore(ProcessStartInfo startInfo)
   at System.Diagnostics.Process.Start(ProcessStartInfo startInfo)
   at ALKAROS.Host.Composition.Migrations.PsqlScriptRunner.RunProcessAsync(ProcessStartInfo startInfo, PsqlOptions options, CancellationToken cancellationToken) in /src/src/Host/Composition/Migrations/PsqlScriptRunner.cs:line 170
   at ALKAROS.Host.Composition.Migrations.PsqlScriptRunner.RunCommandAsync(String command, PsqlOptions options, CancellationToken cancellationToken) in /src/src/Host/Composition/Migrations/PsqlScriptRunner.cs:line 49
   at ALKAROS.Host.Tests.Fixtures.TestDatabase.InitializeAsync() in /src/tests/Host/MigrationComposition/Fixtures/TestDatabase.cs:line 44
  Failed ALKAROS.Host.Tests.Composition.PostgresqlExtensionLifecycleTests.PartialRollbackAssertionRejectsMissing007Dependency [1 ms]
  Error Message:
   System.ComponentModel.Win32Exception : An error occurred trying to start process 'psql' with working directory '/src/tests/Host/MigrationComposition/bin/Release/net8.0'. No such file or directory
  Stack Trace:
     at System.Diagnostics.Process.ForkAndExecProcess(ProcessStartInfo startInfo, String resolvedFilename, String[] argv, String[] envp, String cwd, Boolean setCredentials, UInt32 userId, UInt32 groupId, UInt32[] groups, Int32& stdinFd, Int32& stdoutFd, Int32& stderrFd, Boolean usesTerminal, Boolean throwOnNoExec)
   at System.Diagnostics.Process.StartCore(ProcessStartInfo startInfo)
   at System.Diagnostics.Process.Start(ProcessStartInfo startInfo)
   at ALKAROS.Host.Composition.Migrations.PsqlScriptRunner.RunProcessAsync(ProcessStartInfo startInfo, PsqlOptions options, CancellationToken cancellationToken) in /src/src/Host/Composition/Migrations/PsqlScriptRunner.cs:line 170
   at ALKAROS.Host.Composition.Migrations.PsqlScriptRunner.RunCommandAsync(String command, PsqlOptions options, CancellationToken cancellationToken) in /src/src/Host/Composition/Migrations/PsqlScriptRunner.cs:line 49
   at ALKAROS.Host.Tests.Fixtures.TestDatabase.InitializeAsync() in /src/tests/Host/MigrationComposition/Fixtures/TestDatabase.cs:line 44
  Failed ALKAROS.Host.Tests.Composition.PostgresqlExtensionLifecycleTests.PreExistingUnsharedExtensionIsKeptAtPartialRollbackAndRemovedOnlyAtFullRollback [1 ms]
  Error Message:
   System.ComponentModel.Win32Exception : An error occurred trying to start process 'psql' with working directory '/src/tests/Host/MigrationComposition/bin/Release/net8.0'. No such file or directory
  Stack Trace:
     at System.Diagnostics.Process.ForkAndExecProcess(ProcessStartInfo startInfo, String resolvedFilename, String[] argv, String[] envp, String cwd, Boolean setCredentials, UInt32 userId, UInt32 groupId, UInt32[] groups, Int32& stdinFd, Int32& stdoutFd, Int32& stderrFd, Boolean usesTerminal, Boolean throwOnNoExec)
   at System.Diagnostics.Process.StartCore(ProcessStartInfo startInfo)
   at System.Diagnostics.Process.Start(ProcessStartInfo startInfo)
   at ALKAROS.Host.Composition.Migrations.PsqlScriptRunner.RunProcessAsync(ProcessStartInfo startInfo, PsqlOptions options, CancellationToken cancellationToken) in /src/src/Host/Composition/Migrations/PsqlScriptRunner.cs:line 170
   at ALKAROS.Host.Composition.Migrations.PsqlScriptRunner.RunCommandAsync(String command, PsqlOptions options, CancellationToken cancellationToken) in /src/src/Host/Composition/Migrations/PsqlScriptRunner.cs:line 49
   at ALKAROS.Host.Tests.Fixtures.TestDatabase.InitializeAsync() in /src/tests/Host/MigrationComposition/Fixtures/TestDatabase.cs:line 44
Results File: /src/tests/Host/Experience/Catalog/TestResults/_f251654923f2_2026-08-26_23_28_46_net8.0.trx

Passed!  - Failed:     0, Passed:     6, Skipped:     0, Total:     6, Duration: 7 s - ALKAROS.Host.Experience.Catalog.Tests.dll (net8.0)
Results File: /src/tests/Host/MigrationComposition/TestResults/_f251654923f2_2026-08-26_23_28_40_net8.0.trx

Results File: /src/tests/Modules/Catalog/ProductCatalog/TestResults/_f251654923f2_2026-08-26_23_28_46_net8.0.trx

Passed!  - Failed:     0, Passed:    80, Skipped:     0, Total:    80, Duration: 4 sFailed!  - Failed:    29, Passed:    64, Skipped:     0, Total:    93, Duration: 11 s - ALKAROS.Host.Tests.dll (net8.0)
 - ALKAROS.Catalog.ProductCatalog.Tests.dll (net8.0)
A total of 1 test files matched the specified pattern.
A total of 1 test files matched the specified pattern.
Test run for /src/tests/Modules/Observability/AlertFoundation/bin/Release/net8.0/ALKAROS.Observability.AlertFoundation.Tests.dll (.NETCoreApp,Version=v8.0)
Test run for /src/tests/Modules/Observability/Foundation/bin/Release/net8.0/ALKAROS.Observability.Foundation.Tests.dll (.NETCoreApp,Version=v8.0)
Test run for /src/tests/Modules/Operations/BackupHealth/bin/Release/net8.0/ALKAROS.Operations.BackupHealth.Tests.dll (.NETCoreApp,Version=v8.0)
A total of 1 test files matched the specified pattern.
A total of 1 test files matched the specified pattern.
A total of 1 test files matched the specified pattern.
Results File: /src/tests/Modules/Identity/Authorization/TestResults/_f251654923f2_2026-08-26_23_28_56_net8.0.trx

Passed!  - Failed:     0, Passed:    20, Skipped:     0, Total:    20, Duration: 4 s - ALKAROS.Identity.Authorization.Tests.dll (net8.0)
Test run for /src/tests/Modules/Orders/ItemExceptions/bin/Release/net8.0/ALKAROS.Orders.ItemExceptions.Tests.dll (.NETCoreApp,Version=v8.0)
Results File: /src/tests/Modules/Identity/DeviceSessions/TestResults/_f251654923f2_2026-08-26_23_28_55_net8.0.trx

Passed!  - Failed:     0, Passed:    20, Skipped:     0, Total:    20, Duration: 6 s - ALKAROS.Identity.DeviceSessions.Tests.dll (net8.0)
Test run for /src/tests/Modules/Orders/OrderAggregate/bin/Release/net8.0/ALKAROS.Orders.OrderAggregate.Tests.dll (.NETCoreApp,Version=v8.0)
A total of 1 test files matched the specified pattern.
A total of 1 test files matched the specified pattern.
Results File: /src/tests/Modules/Kitchen/TicketLifecycle/TestResults/_f251654923f2_2026-08-26_23_28_59_net8.0.trx

Passed!  - Failed:     0, Passed:    12, Skipped:     0, Total:    12, Duration: 7 s - ALKAROS.Kitchen.TicketLifecycle.Tests.dll (net8.0)
Test run for /src/tests/Modules/Orders/SubmitOrder/bin/Release/net8.0/ALKAROS.Orders.SubmitOrder.Tests.dll (.NETCoreApp,Version=v8.0)
Results File: /src/tests/Modules/Operations/BackupHealth/TestResults/_f251654923f2_2026-08-26_23_29_03_net8.0.trx

Passed!  - Failed:     0, Passed:     7, Skipped:     0, Total:     7, Duration: 5 s - ALKAROS.Operations.BackupHealth.Tests.dll (net8.0)
A total of 1 test files matched the specified pattern.
Results File: /src/tests/Modules/Observability/AlertFoundation/TestResults/_f251654923f2_2026-08-26_23_29_03_net8.0.trx

Passed!  - Failed:     0, Passed:    12, Skipped:     0, Total:    12, Duration: 6 s - ALKAROS.Observability.AlertFoundation.Tests.dll (net8.0)Results File: /src/tests/Modules/Observability/Foundation/TestResults/_f251654923f2_2026-08-26_23_29_00_net8.0.trx


Passed!  - Failed:     0, Passed:    22, Skipped:     0, Total:    22, Duration: 7 s - ALKAROS.Observability.Foundation.Tests.dll (net8.0)
Test run for /src/tests/Modules/Reconciliation/CaseFoundation/bin/Release/net8.0/ALKAROS.Reconciliation.CaseFoundation.Tests.dll (.NETCoreApp,Version=v8.0)
Test run for /src/tests/Modules/Settings/TypedSettings/bin/Release/net8.0/ALKAROS.Settings.TypedSettings.Tests.dll (.NETCoreApp,Version=v8.0)
A total of 1 test files matched the specified pattern.
Test run for /src/tests/Modules/Reporting/V1Operations/bin/Release/net8.0/ALKAROS.Reporting.V1Operations.Tests.dll (.NETCoreApp,Version=v8.0)
A total of 1 test files matched the specified pattern.
A total of 1 test files matched the specified pattern.
Results File: /src/tests/Modules/Kitchen/Routing/TestResults/_f251654923f2_2026-08-26_23_28_59_net8.0.trx

Passed!  - Failed:     0, Passed:    22, Skipped:     0, Total:    22, Duration: 14 s - ALKAROS.Kitchen.Routing.Tests.dll (net8.0)
Results File: /src/tests/Modules/Orders/ItemExceptions/TestResults/_f251654923f2_2026-08-26_23_29_08_net8.0.trx

Passed!  - Failed:     0, Passed:    22, Skipped:     0, Total:    22, Duration: 3 s - ALKAROS.Orders.ItemExceptions.Tests.dll (net8.0)
Test run for /src/tests/Modules/Tables/CurrentPointers/bin/Release/net8.0/ALKAROS.Tables.CurrentPointers.Tests.dll (.NETCoreApp,Version=v8.0)
Results File: /src/tests/Modules/Orders/OrderAggregate/TestResults/_f251654923f2_2026-08-26_23_29_09_net8.0.trx

Passed!  - Failed:     0, Passed:    84, Skipped:     0, Total:    84, Duration: 3 s - ALKAROS.Orders.OrderAggregate.Tests.dll (net8.0)
Test run for /src/tests/Modules/Tables/Reservations/bin/Release/net8.0/ALKAROS.Tables.Reservations.Tests.dll (.NETCoreApp,Version=v8.0)
A total of 1 test files matched the specified pattern.
Test run for /src/tests/Modules/Tables/TableLifecycle/bin/Release/net8.0/ALKAROS.Tables.TableLifecycle.Tests.dll (.NETCoreApp,Version=v8.0)
A total of 1 test files matched the specified pattern.
A total of 1 test files matched the specified pattern.
Results File: /src/tests/Modules/Kitchen/PrintQueue/TestResults/_f251654923f2_2026-08-26_23_28_57_net8.0.trx

Passed!  - Failed:     0, Passed:    18, Skipped:     0, Total:    18, Duration: 19 s - ALKAROS.Kitchen.PrintQueue.Tests.dll (net8.0)
Test run for /src/tests/Modules/Tables/TableMerge/bin/Release/net8.0/ALKAROS.Tables.TableMerge.Tests.dll (.NETCoreApp,Version=v8.0)
A total of 1 test files matched the specified pattern.
Results File: /src/tests/Modules/Orders/SubmitOrder/TestResults/_f251654923f2_2026-08-26_23_29_14_net8.0.trx

Passed!  - Failed:     0, Passed:    15, Skipped:     0, Total:    15, Duration: 4 s - ALKAROS.Orders.SubmitOrder.Tests.dll (net8.0)
Test run for /src/tests/Modules/Tables/TableTransfer/bin/Release/net8.0/ALKAROS.Tables.TableTransfer.Tests.dll (.NETCoreApp,Version=v8.0)
Results File: /src/tests/Modules/Identity/Authentication/TestResults/_f251654923f2_2026-08-26_23_28_51_net8.0.trx

Passed!  - Failed:     0, Passed:    54, Skipped:     0, Total:    54, Duration: 27 s - ALKAROS.Identity.Authentication.Tests.dll (net8.0)
A total of 1 test files matched the specified pattern.
Results File: /src/tests/Modules/Kitchen/PhysicalPrintRecovery/TestResults/_f251654923f2_2026-08-26_23_28_56_net8.0.trx

Passed!  - Failed:     0, Passed:    17, Skipped:     0, Total:    17, Duration: 27 s - ALKAROS.Kitchen.PhysicalPrintRecovery.Tests.dll (net8.0)
Results File: /src/tests/Modules/Tables/TableLifecycle/TestResults/_f251654923f2_2026-08-26_23_29_20_net8.0.trx

Passed!  - Failed:     0, Passed:    51, Skipped:     0, Total:    51, Duration: 2 s - ALKAROS.Tables.TableLifecycle.Tests.dll (net8.0)
Results File: /src/tests/Modules/Reporting/V1Operations/TestResults/_f251654923f2_2026-08-26_23_29_17_net8.0.trx

Results File: /src/tests/Modules/Reconciliation/CaseFoundation/TestResults/_f251654923f2_2026-08-26_23_29_17_net8.0.trx

Passed!  - Failed:     0, Passed:     5, Skipped:     0, Total:     5, Duration: 4 s - ALKAROS.Reporting.V1Operations.Tests.dll (net8.0)
Passed!  - Failed:     0, Passed:     6, Skipped:     0, Total:     6, Duration: 5 s - ALKAROS.Reconciliation.CaseFoundation.Tests.dll (net8.0)
Results File: /src/tests/Modules/Settings/TypedSettings/TestResults/_f251654923f2_2026-08-26_23_29_16_net8.0.trx

Passed!  - Failed:     0, Passed:    33, Skipped:     0, Total:    33, Duration: 5 s - ALKAROS.Settings.TypedSettings.Tests.dll (net8.0)
Results File: /src/tests/Modules/Tables/CurrentPointers/TestResults/_f251654923f2_2026-08-26_23_29_19_net8.0.trx

Passed!  - Failed:     0, Passed:    19, Skipped:     0, Total:    19, Duration: 5 s - ALKAROS.Tables.CurrentPointers.Tests.dll (net8.0)
Results File: /src/tests/Modules/Tables/Reservations/TestResults/_f251654923f2_2026-08-26_23_29_20_net8.0.trx

Passed!  - Failed:     0, Passed:    27, Skipped:     0, Total:    27, Duration: 8 s - ALKAROS.Tables.Reservations.Tests.dll (net8.0)
Results File: /src/tests/Modules/Tables/TableMerge/TestResults/_f251654923f2_2026-08-26_23_29_23_net8.0.trx

Passed!  - Failed:     0, Passed:    29, Skipped:     0, Total:    29, Duration: 6 s - ALKAROS.Tables.TableMerge.Tests.dll (net8.0)
Results File: /src/tests/Modules/Tables/TableTransfer/TestResults/_f251654923f2_2026-08-26_23_29_25_net8.0.trx

Passed!  - Failed:     0, Passed:    33, Skipped:     0, Total:    33, Duration: 5 s - ALKAROS.Tables.TableTransfer.Tests.dll (net8.0)
Results File: /src/tests/Host/Experience/Tables/TestResults/_f251654923f2_2026-08-26_23_28_40_net8.0.trx

Passed!  - Failed:     0, Passed:     5, Skipped:     0, Total:     5, Duration: 55 s - ALKAROS.Host.Experience.Tables.Tests.dll (net8.0)
Results File: /src/tests/Host/Experience/KitchenOperations/TestResults/_f251654923f2_2026-08-26_23_29_02_net8.0.trx

Passed!  - Failed:     0, Passed:     4, Skipped:     0, Total:     4, Duration: 39 s - ALKAROS.Host.Experience.KitchenOperations.Tests.dll (net8.0)
Code coverage results: /src/evidence/V1-RMD-007/coverage-full-2026-08-27-aspnet.cobertura.xml.
