Telemetry
---------
The code coverage tools collect usage data in order to help us improve your experience. The data is collected by Microsoft. You can opt out of telemetry by setting the DOTNET_COVERAGE_TELEMETRY_OPTOUT environment variable to '1' using your favorite shell.

This message is displayed only once. Set the DOTNET_COVERAGE_NOLOGO environment variable to '1' to suppress it in the future.
dotnet-coverage v18.10.0.0 [linux-x64 - .NET 8.0.30]

SessionId: 790300e2-bfd3-4cfe-8f03-b63aa7bdaaa7
Test run for /src/tests/Architecture/ModuleBoundaries/bin/Release/net8.0/ALKAROS.Architecture.Tests.dll (.NETCoreApp,Version=v8.0)
Test run for /src/tests/BuildingBlocks/Idempotency/bin/Release/net8.0/ALKAROS.Idempotency.Tests.dll (.NETCoreApp,Version=v8.0)
Test run for /src/tests/BuildingBlocks/Security/Secrets/bin/Release/net8.0/ALKAROS.Secrets.Tests.dll (.NETCoreApp,Version=v8.0)
Test run for /src/tests/BuildingBlocks/Security/SensitiveData/bin/Release/net8.0/ALKAROS.SensitiveData.Tests.dll (.NETCoreApp,Version=v8.0)
Test run for /src/tests/BuildingBlocks/TransactionOutboxIntegration/bin/Release/net8.0/ALKAROS.TransactionOutboxIntegration.Tests.dll (.NETCoreApp,Version=v8.0)
Test run for /src/tests/Clients/Cashier/OrderEntry/bin/Release/net8.0/ALKAROS.Cashier.OrderEntry.Tests.dll (.NETCoreApp,Version=v8.0)
Test run for /src/tests/Clients/Cashier/OperationsStatus/bin/Release/net8.0/ALKAROS.Cashier.OperationsStatus.Tests.dll (.NETCoreApp,Version=v8.0)
Test run for /src/tests/BuildingBlocks/Transactions/bin/Release/net8.0/ALKAROS.Transactions.Tests.dll (.NETCoreApp,Version=v8.0)
Test run for /src/tests/Clients/WaiterPwa/OrderStatus/bin/Release/net8.0/ALKAROS.WaiterPwa.OrderStatus.Tests.dll (.NETCoreApp,Version=v8.0)
Test run for /src/tests/Clients/Cashier/TableShell/bin/Release/net8.0/ALKAROS.Cashier.TableShell.Tests.dll (.NETCoreApp,Version=v8.0)
Test run for /src/tests/Clients/WaiterPwa/OrderEntry/bin/Release/net8.0/ALKAROS.WaiterPwa.OrderEntry.Tests.dll (.NETCoreApp,Version=v8.0)
A total of 1 test files matched the specified pattern.
A total of 1 test files matched the specified pattern.
Test run for /src/tests/Clients/WaiterPwa/SessionQueue/bin/Release/net8.0/ALKAROS.WaiterPwa.SessionQueue.Tests.dll (.NETCoreApp,Version=v8.0)
A total of 1 test files matched the specified pattern.
A total of 1 test files matched the specified pattern.
Testhost process for source(s) '/src/tests/Architecture/ModuleBoundaries/bin/Release/net8.0/ALKAROS.Architecture.Tests.dll' exited with error: You must install or update .NET to run this application.
App: /src/tests/Architecture/ModuleBoundaries/bin/Release/net8.0/testhost.dll
Architecture: x64
Framework: 'Microsoft.AspNetCore.App', version '8.0.0' (x64)
.NET location: /usr/share/dotnet/
The following frameworks were found:
  10.0.10 at [/usr/share/dotnet/shared/Microsoft.AspNetCore.App]
Learn more:
https://aka.ms/dotnet/app-launch-failed
To install missing framework, download:
https://aka.ms/dotnet-core-applaunch?framework=Microsoft.AspNetCore.App&framework_version=8.0.0&arch=x64&rid=linux-x64&os=ubuntu.24.04
. Please check the diagnostic logs for more information.
A total of 1 test files matched the specified pattern.
A total of 1 test files matched the specified pattern.
A total of 1 test files matched the specified pattern.
A total of 1 test files matched the specified pattern.
Results File: /src/tests/Architecture/ModuleBoundaries/TestResults/_477fe9dc5e43_2026-08-26_23_26_29_net8.0.trx

Test Run Aborted.
A total of 1 test files matched the specified pattern.
A total of 1 test files matched the specified pattern.
A total of 1 test files matched the specified pattern.
A total of 1 test files matched the specified pattern.
Test run for /src/tests/Host/Experience/Catalog/bin/Release/net8.0/ALKAROS.Host.Experience.Catalog.Tests.dll (.NETCoreApp,Version=v8.0)
A total of 1 test files matched the specified pattern.
Testhost process for source(s) '/src/tests/Host/Experience/Catalog/bin/Release/net8.0/ALKAROS.Host.Experience.Catalog.Tests.dll' exited with error: You must install or update .NET to run this application.
App: /src/tests/Host/Experience/Catalog/bin/Release/net8.0/testhost.dll
Architecture: x64
Framework: 'Microsoft.AspNetCore.App', version '8.0.0' (x64)
.NET location: /usr/share/dotnet/
The following frameworks were found:
  10.0.10 at [/usr/share/dotnet/shared/Microsoft.AspNetCore.App]
Learn more:
https://aka.ms/dotnet/app-launch-failed
To install missing framework, download:
https://aka.ms/dotnet-core-applaunch?framework=Microsoft.AspNetCore.App&framework_version=8.0.0&arch=x64&rid=linux-x64&os=ubuntu.24.04
. Please check the diagnostic logs for more information.
Results File: /src/tests/Host/Experience/Catalog/TestResults/_477fe9dc5e43_2026-08-26_23_26_33_net8.0.trx

Test Run Aborted.
Test run for /src/tests/Host/Experience/Composition/bin/Release/net8.0/ALKAROS.Host.Experience.Composition.Tests.dll (.NETCoreApp,Version=v8.0)
A total of 1 test files matched the specified pattern.
Testhost process for source(s) '/src/tests/Host/Experience/Composition/bin/Release/net8.0/ALKAROS.Host.Experience.Composition.Tests.dll' exited with error: You must install or update .NET to run this application.
App: /src/tests/Host/Experience/Composition/bin/Release/net8.0/testhost.dll
Architecture: x64
Framework: 'Microsoft.AspNetCore.App', version '8.0.0' (x64)
.NET location: /usr/share/dotnet/
The following frameworks were found:
  10.0.10 at [/usr/share/dotnet/shared/Microsoft.AspNetCore.App]
Learn more:
https://aka.ms/dotnet/app-launch-failed
To install missing framework, download:
https://aka.ms/dotnet-core-applaunch?framework=Microsoft.AspNetCore.App&framework_version=8.0.0&arch=x64&rid=linux-x64&os=ubuntu.24.04
. Please check the diagnostic logs for more information.
Results File: /src/tests/Host/Experience/Composition/TestResults/_477fe9dc5e43_2026-08-26_23_26_37_net8.0.trx
Results File: /src/tests/Clients/Cashier/TableShell/TestResults/_477fe9dc5e43_2026-08-26_23_26_37_net8.0.trx


Test Run Aborted.
Passed!  - Failed:     0, Passed:     9, Skipped:     0, Total:     9, Duration: 197 ms - ALKAROS.Cashier.TableShell.Tests.dll (net8.0)
Results File: /src/tests/Clients/Cashier/OperationsStatus/TestResults/_477fe9dc5e43_2026-08-26_23_26_37_net8.0.trx

Results File: /src/tests/BuildingBlocks/Security/Secrets/TestResults/_477fe9dc5e43_2026-08-26_23_26_37_net8.0.trx

Passed!  - Failed:     0, Passed:     4, Skipped:     0, Total:     4, Duration: 198 ms - ALKAROS.Cashier.OperationsStatus.Tests.dll (net8.0)
Passed!  - Failed:     0, Passed:    21, Skipped:     0, Total:    21, Duration: 374 ms - ALKAROS.Secrets.Tests.dll (net8.0)
Results File: /src/tests/Clients/WaiterPwa/OrderStatus/TestResults/_477fe9dc5e43_2026-08-26_23_26_37_net8.0.trx

Passed!  - Failed:     0, Passed:     4, Skipped:     0, Total:     4, Duration: 233 ms - ALKAROS.WaiterPwa.OrderStatus.Tests.dll (net8.0)
Results File: /src/tests/Clients/Cashier/OrderEntry/TestResults/_477fe9dc5e43_2026-08-26_23_26_37_net8.0.trx

Results File: /src/tests/Clients/WaiterPwa/OrderEntry/TestResults/_477fe9dc5e43_2026-08-26_23_26_37_net8.0.trx

Passed!  - Failed:     0, Passed:     4, Skipped:     0, Total:     4, Duration: 488 ms - ALKAROS.Cashier.OrderEntry.Tests.dll (net8.0)
Passed!  - Failed:     0, Passed:     4, Skipped:     0, Total:     4, Duration: 537 ms - ALKAROS.WaiterPwa.OrderEntry.Tests.dll (net8.0)
Results File: /src/tests/BuildingBlocks/Security/SensitiveData/TestResults/_477fe9dc5e43_2026-08-26_23_26_37_net8.0.trx

Passed!  - Failed:     0, Passed:    23, Skipped:     0, Total:    23, Duration: 898 ms - ALKAROS.SensitiveData.Tests.dll (net8.0)
Results File: /src/tests/Clients/WaiterPwa/SessionQueue/TestResults/_477fe9dc5e43_2026-08-26_23_26_38_net8.0.trx

Passed!  - Failed:     0, Passed:     9, Skipped:     0, Total:     9, Duration: 561 ms - ALKAROS.WaiterPwa.SessionQueue.Tests.dll (net8.0)
Results File: /src/tests/BuildingBlocks/Transactions/TestResults/_477fe9dc5e43_2026-08-26_23_26_37_net8.0.trx

Passed!  - Failed:     0, Passed:    26, Skipped:     0, Total:    26, Duration: 892 ms - ALKAROS.Transactions.Tests.dll (net8.0)
Test run for /src/tests/Host/Experience/KitchenOperations/bin/Release/net8.0/ALKAROS.Host.Experience.KitchenOperations.Tests.dll (.NETCoreApp,Version=v8.0)
Test run for /src/tests/Host/Experience/Tables/bin/Release/net8.0/ALKAROS.Host.Experience.Tables.Tests.dll (.NETCoreApp,Version=v8.0)
Test run for /src/tests/Modules/Billing/Adjustments/bin/Release/net8.0/ALKAROS.Billing.Adjustments.Tests.dll (.NETCoreApp,Version=v8.0)
Test run for /src/tests/Host/MigrationComposition/bin/Release/net8.0/ALKAROS.Host.Tests.dll (.NETCoreApp,Version=v8.0)
Test run for /src/tests/Modules/Billing/BillFoundation/bin/Release/net8.0/ALKAROS.Billing.BillFoundation.Tests.dll (.NETCoreApp,Version=v8.0)
Test run for /src/tests/Modules/Billing/SplitDesign/bin/Release/net8.0/ALKAROS.Billing.SplitDesign.Tests.dll (.NETCoreApp,Version=v8.0)
Test run for /src/tests/Modules/Audit/EventStore/bin/Release/net8.0/ALKAROS.Audit.EventStore.Tests.dll (.NETCoreApp,Version=v8.0)
Test run for /src/tests/Modules/Cash/Contracts/bin/Release/net8.0/ALKAROS.Cash.Contracts.Tests.dll (.NETCoreApp,Version=v8.0)
Test run for /src/tests/Modules/Catalog/ProductCatalog/bin/Release/net8.0/ALKAROS.Catalog.ProductCatalog.Tests.dll (.NETCoreApp,Version=v8.0)
Test run for /src/tests/Modules/Catalog/Pricing/bin/Release/net8.0/ALKAROS.Catalog.Pricing.Tests.dll (.NETCoreApp,Version=v8.0)
A total of 1 test files matched the specified pattern.
A total of 1 test files matched the specified pattern.
Testhost process for source(s) '/src/tests/Host/Experience/Tables/bin/Release/net8.0/ALKAROS.Host.Experience.Tables.Tests.dll' exited with error: You must install or update .NET to run this application.
App: /src/tests/Host/Experience/Tables/bin/Release/net8.0/testhost.dll
Architecture: x64
Framework: 'Microsoft.AspNetCore.App', version '8.0.0' (x64)
.NET location: /usr/share/dotnet/
The following frameworks were found:
  10.0.10 at [/usr/share/dotnet/shared/Microsoft.AspNetCore.App]
Learn more:
https://aka.ms/dotnet/app-launch-failed
To install missing framework, download:
https://aka.ms/dotnet-core-applaunch?framework=Microsoft.AspNetCore.App&framework_version=8.0.0&arch=x64&rid=linux-x64&os=ubuntu.24.04
. Please check the diagnostic logs for more information.
A total of 1 test files matched the specified pattern.
Testhost process for source(s) '/src/tests/Host/Experience/KitchenOperations/bin/Release/net8.0/ALKAROS.Host.Experience.KitchenOperations.Tests.dll' exited with error: You must install or update .NET to run this application.
App: /src/tests/Host/Experience/KitchenOperations/bin/Release/net8.0/testhost.dll
Architecture: x64
Framework: 'Microsoft.AspNetCore.App', version '8.0.0' (x64)
.NET location: /usr/share/dotnet/
The following frameworks were found:
  10.0.10 at [/usr/share/dotnet/shared/Microsoft.AspNetCore.App]
Learn more:
https://aka.ms/dotnet/app-launch-failed
To install missing framework, download:
https://aka.ms/dotnet-core-applaunch?framework=Microsoft.AspNetCore.App&framework_version=8.0.0&arch=x64&rid=linux-x64&os=ubuntu.24.04
. Please check the diagnostic logs for more information.
A total of 1 test files matched the specified pattern.
Results File: /src/tests/Host/Experience/Tables/TestResults/_477fe9dc5e43_2026-08-26_23_26_41_net8.0.trx

Test Run Aborted.
A total of 1 test files matched the specified pattern.
A total of 1 test files matched the specified pattern.
A total of 1 test files matched the specified pattern.
Results File: /src/tests/Host/Experience/KitchenOperations/TestResults/_477fe9dc5e43_2026-08-26_23_26_41_net8.0.trx

Test Run Aborted.
A total of 1 test files matched the specified pattern.
Testhost process for source(s) '/src/tests/Host/MigrationComposition/bin/Release/net8.0/ALKAROS.Host.Tests.dll' exited with error: You must install or update .NET to run this application.
App: /src/tests/Host/MigrationComposition/bin/Release/net8.0/testhost.dll
Architecture: x64
Framework: 'Microsoft.AspNetCore.App', version '8.0.0' (x64)
.NET location: /usr/share/dotnet/
The following frameworks were found:
  10.0.10 at [/usr/share/dotnet/shared/Microsoft.AspNetCore.App]
Learn more:
https://aka.ms/dotnet/app-launch-failed
To install missing framework, download:
https://aka.ms/dotnet-core-applaunch?framework=Microsoft.AspNetCore.App&framework_version=8.0.0&arch=x64&rid=linux-x64&os=ubuntu.24.04
. Please check the diagnostic logs for more information.
A total of 1 test files matched the specified pattern.
A total of 1 test files matched the specified pattern.
Results File: /src/tests/Host/MigrationComposition/TestResults/_477fe9dc5e43_2026-08-26_23_26_42_net8.0.trx

Test Run Aborted.
Test run for /src/tests/Modules/Identity/Authentication/bin/Release/net8.0/ALKAROS.Identity.Authentication.Tests.dll (.NETCoreApp,Version=v8.0)
Results File: /src/tests/BuildingBlocks/TransactionOutboxIntegration/TestResults/_477fe9dc5e43_2026-08-26_23_26_40_net8.0.trx

Passed!  - Failed:     0, Passed:    12, Skipped:     0, Total:    12, Duration: 3 s - ALKAROS.TransactionOutboxIntegration.Tests.dll (net8.0)
Test run for /src/tests/Modules/Identity/Authorization/bin/Release/net8.0/ALKAROS.Identity.Authorization.Tests.dll (.NETCoreApp,Version=v8.0)
Results File: /src/tests/BuildingBlocks/Idempotency/TestResults/_477fe9dc5e43_2026-08-26_23_26_37_net8.0.trx

Passed!  - Failed:     0, Passed:    86, Skipped:     0, Total:    86, Duration: 6 s - ALKAROS.Idempotency.Tests.dll (net8.0)
Test run for /src/tests/Modules/Identity/DeviceSessions/bin/Release/net8.0/ALKAROS.Identity.DeviceSessions.Tests.dll (.NETCoreApp,Version=v8.0)
Test run for /src/tests/Modules/Kitchen/PhysicalPrintRecovery/bin/Release/net8.0/ALKAROS.Kitchen.PhysicalPrintRecovery.Tests.dll (.NETCoreApp,Version=v8.0)
A total of 1 test files matched the specified pattern.
A total of 1 test files matched the specified pattern.
A total of 1 test files matched the specified pattern.
Test run for /src/tests/Modules/Kitchen/PrintQueue/bin/Release/net8.0/ALKAROS.Kitchen.PrintQueue.Tests.dll (.NETCoreApp,Version=v8.0)
A total of 1 test files matched the specified pattern.
Results File: /src/tests/Modules/Cash/Contracts/TestResults/_477fe9dc5e43_2026-08-26_23_26_48_net8.0.trx

Passed!  - Failed:     0, Passed:    13, Skipped:     0, Total:    13, Duration: 634 ms - ALKAROS.Cash.Contracts.Tests.dll (net8.0)
A total of 1 test files matched the specified pattern.
Test run for /src/tests/Modules/Kitchen/Routing/bin/Release/net8.0/ALKAROS.Kitchen.Routing.Tests.dll (.NETCoreApp,Version=v8.0)
A total of 1 test files matched the specified pattern.
Results File: /src/tests/Modules/Catalog/Pricing/TestResults/_477fe9dc5e43_2026-08-26_23_26_49_net8.0.trx

Passed!  - Failed:     0, Passed:    27, Skipped:     0, Total:    27, Duration: 6 s - ALKAROS.Catalog.Pricing.Tests.dll (net8.0)
Test run for /src/tests/Modules/Kitchen/TicketLifecycle/bin/Release/net8.0/ALKAROS.Kitchen.TicketLifecycle.Tests.dll (.NETCoreApp,Version=v8.0)
Results File: /src/tests/Modules/Audit/EventStore/TestResults/_477fe9dc5e43_2026-08-26_23_26_54_net8.0.trx

Passed!  - Failed:     0, Passed:     9, Skipped:     0, Total:     9, Duration: 4 s - ALKAROS.Audit.EventStore.Tests.dll (net8.0)
Results File: /src/tests/Modules/Billing/SplitDesign/TestResults/_477fe9dc5e43_2026-08-26_23_26_49_net8.0.trx

Passed!  - Failed:     0, Passed:    22, Skipped:     0, Total:    22, Duration: 9 s - ALKAROS.Billing.SplitDesign.Tests.dll (net8.0)
Results File: /src/tests/Modules/Billing/Adjustments/TestResults/_477fe9dc5e43_2026-08-26_23_26_52_net8.0.trx

Passed!  - Failed:     0, Passed:    14, Skipped:     0, Total:    14, Duration: 7 s - ALKAROS.Billing.Adjustments.Tests.dll (net8.0)
Results File: /src/tests/Modules/Billing/BillFoundation/TestResults/_477fe9dc5e43_2026-08-26_23_26_48_net8.0.trx

Passed!  - Failed:     0, Passed:    36, Skipped:     0, Total:    36, Duration: 10 s - ALKAROS.Billing.BillFoundation.Tests.dll (net8.0)
Results File: /src/tests/Modules/Catalog/ProductCatalog/TestResults/_477fe9dc5e43_2026-08-26_23_26_48_net8.0.trx

Passed!  - Failed:     0, Passed:    80, Skipped:     0, Total:    80, Duration: 8 s - ALKAROS.Catalog.ProductCatalog.Tests.dll (net8.0)
Results File: /src/tests/Modules/Identity/DeviceSessions/TestResults/_477fe9dc5e43_2026-08-26_23_26_56_net8.0.trx
Results File: /src/tests/Modules/Identity/Authorization/TestResults/_477fe9dc5e43_2026-08-26_23_26_58_net8.0.trx
A total of 1 test files matched the specified pattern.


Passed!  - Failed:     0, Passed:    20, Skipped:     0, Total:    20, Duration: 5 s - ALKAROS.Identity.DeviceSessions.Tests.dll (net8.0)Passed!  - Failed:     0, Passed:    20, Skipped:     0, Total:    20, Duration: 4 s - ALKAROS.Identity.Authorization.Tests.dll (net8.0)

Test run for /src/tests/Modules/Observability/AlertFoundation/bin/Release/net8.0/ALKAROS.Observability.AlertFoundation.Tests.dll (.NETCoreApp,Version=v8.0)
Test run for /src/tests/Modules/Observability/Foundation/bin/Release/net8.0/ALKAROS.Observability.Foundation.Tests.dll (.NETCoreApp,Version=v8.0)
Test run for /src/tests/Modules/Orders/ItemExceptions/bin/Release/net8.0/ALKAROS.Orders.ItemExceptions.Tests.dll (.NETCoreApp,Version=v8.0)
Test run for /src/tests/Modules/Orders/OrderAggregate/bin/Release/net8.0/ALKAROS.Orders.OrderAggregate.Tests.dll (.NETCoreApp,Version=v8.0)
Test run for /src/tests/Modules/Operations/BackupHealth/bin/Release/net8.0/ALKAROS.Operations.BackupHealth.Tests.dll (.NETCoreApp,Version=v8.0)
Test run for /src/tests/Modules/Orders/SubmitOrder/bin/Release/net8.0/ALKAROS.Orders.SubmitOrder.Tests.dll (.NETCoreApp,Version=v8.0)
Test run for /src/tests/Modules/Reconciliation/CaseFoundation/bin/Release/net8.0/ALKAROS.Reconciliation.CaseFoundation.Tests.dll (.NETCoreApp,Version=v8.0)
A total of 1 test files matched the specified pattern.
A total of 1 test files matched the specified pattern.
A total of 1 test files matched the specified pattern.
A total of 1 test files matched the specified pattern.
A total of 1 test files matched the specified pattern.
A total of 1 test files matched the specified pattern.
A total of 1 test files matched the specified pattern.
Results File: /src/tests/Modules/Kitchen/Routing/TestResults/_477fe9dc5e43_2026-08-26_23_27_00_net8.0.trx

Passed!  - Failed:     0, Passed:    22, Skipped:     0, Total:    22, Duration: 10 s - ALKAROS.Kitchen.Routing.Tests.dll (net8.0)
Test run for /src/tests/Modules/Reporting/V1Operations/bin/Release/net8.0/ALKAROS.Reporting.V1Operations.Tests.dll (.NETCoreApp,Version=v8.0)
A total of 1 test files matched the specified pattern.
Results File: /src/tests/Modules/Kitchen/PrintQueue/TestResults/_477fe9dc5e43_2026-08-26_23_26_57_net8.0.trx

Passed!  - Failed:     0, Passed:    18, Skipped:     0, Total:    18, Duration: 17 s - ALKAROS.Kitchen.PrintQueue.Tests.dll (net8.0)
Test run for /src/tests/Modules/Settings/TypedSettings/bin/Release/net8.0/ALKAROS.Settings.TypedSettings.Tests.dll (.NETCoreApp,Version=v8.0)
Results File: /src/tests/Modules/Kitchen/TicketLifecycle/TestResults/_477fe9dc5e43_2026-08-26_23_27_09_net8.0.trx

Passed!  - Failed:     0, Passed:    12, Skipped:     0, Total:    12, Duration: 5 s - ALKAROS.Kitchen.TicketLifecycle.Tests.dll (net8.0)
Results File: /src/tests/Modules/Orders/ItemExceptions/TestResults/_477fe9dc5e43_2026-08-26_23_27_09_net8.0.trx

Passed!  - Failed:     0, Passed:    22, Skipped:     0, Total:    22, Duration: 4 s - ALKAROS.Orders.ItemExceptions.Tests.dll (net8.0)
Test run for /src/tests/Modules/Tables/Reservations/bin/Release/net8.0/ALKAROS.Tables.Reservations.Tests.dll (.NETCoreApp,Version=v8.0)
Test run for /src/tests/Modules/Tables/CurrentPointers/bin/Release/net8.0/ALKAROS.Tables.CurrentPointers.Tests.dll (.NETCoreApp,Version=v8.0)
A total of 1 test files matched the specified pattern.
A total of 1 test files matched the specified pattern.
A total of 1 test files matched the specified pattern.
Results File: /src/tests/Modules/Orders/SubmitOrder/TestResults/_477fe9dc5e43_2026-08-26_23_27_12_net8.0.trx

Passed!  - Failed:     0, Passed:    15, Skipped:     0, Total:    15, Duration: 5 s - ALKAROS.Orders.SubmitOrder.Tests.dll (net8.0)
Results File: /src/tests/Modules/Orders/OrderAggregate/TestResults/_477fe9dc5e43_2026-08-26_23_27_11_net8.0.trx

Results File: /src/tests/Modules/Reconciliation/CaseFoundation/TestResults/_477fe9dc5e43_2026-08-26_23_27_12_net8.0.trx

Results File: /src/tests/Modules/Observability/AlertFoundation/TestResults/_477fe9dc5e43_2026-08-26_23_27_09_net8.0.trx
Passed!  - Failed:     0, Passed:    84, Skipped:     0, Total:    84, Duration: 4 s
Passed!  - Failed:     0, Passed:     6, Skipped:     0, Total:     6, Duration: 6 s - ALKAROS.Reconciliation.CaseFoundation.Tests.dll (net8.0) - ALKAROS.Orders.OrderAggregate.Tests.dll (net8.0)

Passed!  - Failed:     0, Passed:    12, Skipped:     0, Total:    12, Duration: 7 s - ALKAROS.Observability.AlertFoundation.Tests.dll (net8.0)
Results File: /src/tests/Modules/Observability/Foundation/TestResults/_477fe9dc5e43_2026-08-26_23_27_09_net8.0.trx

Results File: /src/tests/Modules/Operations/BackupHealth/TestResults/_477fe9dc5e43_2026-08-26_23_27_11_net8.0.trx

Passed!  - Failed:     0, Passed:     7, Skipped:     0, Total:     7, Duration: 6 s - ALKAROS.Operations.BackupHealth.Tests.dll (net8.0)Passed!  - Failed:     0, Passed:    22, Skipped:     0, Total:    22, Duration: 7 s - ALKAROS.Observability.Foundation.Tests.dll (net8.0)

Test run for /src/tests/Modules/Tables/TableLifecycle/bin/Release/net8.0/ALKAROS.Tables.TableLifecycle.Tests.dll (.NETCoreApp,Version=v8.0)
Test run for /src/tests/Modules/Tables/TableTransfer/bin/Release/net8.0/ALKAROS.Tables.TableTransfer.Tests.dll (.NETCoreApp,Version=v8.0)
Test run for /src/tests/Modules/Tables/TableMerge/bin/Release/net8.0/ALKAROS.Tables.TableMerge.Tests.dll (.NETCoreApp,Version=v8.0)
Results File: /src/tests/Modules/Kitchen/PhysicalPrintRecovery/TestResults/_477fe9dc5e43_2026-08-26_23_26_58_net8.0.trx

Passed!  - Failed:     0, Passed:    17, Skipped:     0, Total:    17, Duration: 23 s - ALKAROS.Kitchen.PhysicalPrintRecovery.Tests.dll (net8.0)
A total of 1 test files matched the specified pattern.
A total of 1 test files matched the specified pattern.
A total of 1 test files matched the specified pattern.
Results File: /src/tests/Modules/Reporting/V1Operations/TestResults/_477fe9dc5e43_2026-08-26_23_27_19_net8.0.trx

Passed!  - Failed:     0, Passed:     5, Skipped:     0, Total:     5, Duration: 3 s - ALKAROS.Reporting.V1Operations.Tests.dll (net8.0)
Results File: /src/tests/Modules/Identity/Authentication/TestResults/_477fe9dc5e43_2026-08-26_23_26_55_net8.0.trx

Passed!  - Failed:     0, Passed:    54, Skipped:     0, Total:    54, Duration: 27 s - ALKAROS.Identity.Authentication.Tests.dll (net8.0)
Results File: /src/tests/Modules/Tables/TableLifecycle/TestResults/_477fe9dc5e43_2026-08-26_23_27_23_net8.0.trx

Passed!  - Failed:     0, Passed:    51, Skipped:     0, Total:    51, Duration: 2 s - ALKAROS.Tables.TableLifecycle.Tests.dll (net8.0)
Results File: /src/tests/Modules/Settings/TypedSettings/TestResults/_477fe9dc5e43_2026-08-26_23_27_20_net8.0.trx

Passed!  - Failed:     0, Passed:    33, Skipped:     0, Total:    33, Duration: 5 s - ALKAROS.Settings.TypedSettings.Tests.dll (net8.0)
Results File: /src/tests/Modules/Tables/CurrentPointers/TestResults/_477fe9dc5e43_2026-08-26_23_27_21_net8.0.trx

Passed!  - Failed:     0, Passed:    19, Skipped:     0, Total:    19, Duration: 5 s - ALKAROS.Tables.CurrentPointers.Tests.dll (net8.0)
Results File: /src/tests/Modules/Tables/Reservations/TestResults/_477fe9dc5e43_2026-08-26_23_27_21_net8.0.trx
Results File: /src/tests/Modules/Tables/TableTransfer/TestResults/_477fe9dc5e43_2026-08-26_23_27_23_net8.0.trx


Passed!  - Failed:     0, Passed:    27, Skipped:     0, Total:    27, Duration: 7 s - ALKAROS.Tables.Reservations.Tests.dll (net8.0)
Passed!  - Failed:     0, Passed:    33, Skipped:     0, Total:    33, Duration: 5 s - ALKAROS.Tables.TableTransfer.Tests.dll (net8.0)
Results File: /src/tests/Modules/Tables/TableMerge/TestResults/_477fe9dc5e43_2026-08-26_23_27_23_net8.0.trx

Passed!  - Failed:     0, Passed:    29, Skipped:     0, Total:    29, Duration: 6 s - ALKAROS.Tables.TableMerge.Tests.dll (net8.0)
Code coverage results: /src/evidence/V1-RMD-007/coverage-full-2026-08-27.cobertura.xml.
