corepack : $ oxlint -c .oxlintrc.json --max-warnings=20 src
At line:11 char:279
+ ... TEXITCODE"; corepack pnpm run lint *> D:\PROJECT\ALKAROS\evidence\V1- ...
+                 ~~~~~~~~~~~~~~~~~~~~~~~~~~~~~~~~~~~~~~~~~~~~~~~~~~~~~~~~~
    + CategoryInfo          : NotSpecified: ($ oxlint -c .ox...warnings=20 src:String) [], RemoteException
    + FullyQualifiedErrorId : NativeCommandError
 
src/routes/SecurityAdministration.tsx:98:115: warning jsx-a11y(no-autofocus): The `autoFocus` attribute is found here, which can cause usability issues for sighted and non-sighted users. help: Remove the `autoFocus` attribute.
src/routes/CustomerDisplayScreensaverSettings.tsx:189:115: warning jsx-a11y(no-autofocus): The `autoFocus` attribute is found here, which can cause usability issues for sighted and non-sighted users. help: Remove the `autoFocus` attribute.
src/routes/RelaySettings.tsx:178:115: warning jsx-a11y(no-autofocus): The `autoFocus` attribute is found here, which can cause usability issues for sighted and non-sighted users. help: Remove the `autoFocus` attribute.
src/routes/ReservationStation.tsx:111:115: warning jsx-a11y(no-autofocus): The `autoFocus` attribute is found here, which can cause usability issues for sighted and non-sighted users. help: Remove the `autoFocus` attribute.
src/design-system/primitives.tsx:139:8: warning jsx-a11y(no-noninteractive-element-interactions): Non-interactive elements should not be assigned mouse or keyboard event listeners. help: Move the handler to an interactive element, or use an appropriate interactive role.
src/design-system/primitives.tsx:162:6: warning jsx-a11y(no-noninteractive-element-interactions): Non-interactive elements should not be assigned mouse or keyboard event listeners. help: Move the handler to an interactive element, or use an appropriate interactive role.
src/routes/QnbCredentialSettings.tsx:158:115: warning jsx-a11y(no-autofocus): The `autoFocus` attribute is found here, which can cause usability issues for sighted and non-sighted users. help: Remove the `autoFocus` attribute.
src/router.test.tsx:14:3: warning react(globals): Cannot reassign variables declared outside of the component/hook help: Variable `seen` is declared outside of the component/hook. Reassigning this value during render is a side effect which can cause unpredictable behavior. If this variable is used in rendering, use useState instead. Otherwise, update it in an effect
src/features/tables/TableWorkspace.test.tsx:7:10: warning eslint(no-unused-vars): Identifier 'ApiError' is imported but never used. help: Consider removing this import.
src/features/billing/BillSplitWorkspace.tsx:142:313: warning jsx-a11y(label-has-associated-control): A form label must have accessible text. help: Ensure the label either has text inside it or is accessibly labelled using an attribute such as `aria-label`, or `aria-labelledby`. You can mark more attributes as accessible labels by configuring the `labelAttributes` option.
src/routes/Cashier.logout-clears-storage.test.tsx:52:67: warning eslint(no-unused-vars): Parameter 'init' is declared but never used. Unused parameters should start with a '_'. help: Consider removing this parameter.
src/routes/TokenTerminalSettings.tsx:174:115: warning jsx-a11y(no-autofocus): The `autoFocus` attribute is found here, which can cause usability issues for sighted and non-sighted users. help: Remove the `autoFocus` attribute.
src/routes/BusinessIdentitySettings.tsx:246:115: warning jsx-a11y(no-autofocus): The `autoFocus` attribute is found here, which can cause usability issues for sighted and non-sighted users. help: Remove the `autoFocus` attribute.
src/routes/Cashier.tsx:249:18: warning react-hooks(exhaustive-deps): The ref's value `.current` is accessed directly in the effect cleanup function. help: The ref value will likely have changed by the time this effect cleanup function runs. If this ref points to a node rendered by react, copy it to a variable inside the effect and use that variable in the cleanup function.
src/routes/Cashier.tsx:390:15: warning jsx-a11y(no-autofocus): The `autoFocus` attribute is found here, which can cause usability issues for sighted and non-sighted users. help: Remove the `autoFocus` attribute.
src/routes/Cashier.tsx:561:73: warning jsx-a11y(no-noninteractive-element-to-interactive-role): Non-interactive elements should not be assigned interactive roles. help: Remove the interactive role or use an appropriate interactive element instead.
src/routes/Cashier.tsx:723:10: warning jsx-a11y(no-static-element-interactions): Static HTML elements with event handlers require a role. help: Add a role attribute to this element, or use a semantic HTML element instead.
src/routes/Cashier.tsx:726:12: warning jsx-a11y(no-noninteractive-element-interactions): Non-interactive elements should not be assigned mouse or keyboard event listeners. help: Move the handler to an interactive element, or use an appropriate interactive role.
src/features/kitchen-operations/KitchenOperationsWorkspace.tsx:80:10: warning eslint(no-unused-vars): Function 'nextItemState' is declared but never used. help: Consider removing this declaration.
