bootstrapping 20 terminal session(s) against http://alkaros-host-1:5080
  terminal 1/20 ready
  terminal 2/20 ready
  terminal 3/20 ready
  terminal 4/20 ready
  terminal 5/20 ready
  terminal 6/20 ready
  terminal 7/20 ready
  terminal 8/20 ready
  terminal 9/20 ready
  login limiter: sleeping 61s after 9 logins
  terminal 10/20 ready
  terminal 11/20 ready
  terminal 12/20 ready
  terminal 13/20 ready
  terminal 14/20 ready
  terminal 15/20 ready
  terminal 16/20 ready
  terminal 17/20 ready
  terminal 18/20 ready
  login limiter: sleeping 61s after 18 logins
  terminal 19/20 ready
  terminal 20/20 ready
--- level: 1 terminal(s), 20s ---
  rps=2.0 err%=0.0 p50=2.8 p90=3.6 p95=4.3 p99=4.7 max=4.8 statuses={'200': 40}
--- level: 5 terminal(s), 20s ---
  rps=10.0 err%=0.0 p50=2.8 p90=4.2 p95=4.5 p99=17.0 max=23.5 statuses={'200': 200}
--- level: 10 terminal(s), 20s ---
  rps=20.0 err%=0.0 p50=2.5 p90=3.7 p95=4.1 p99=7.2 max=12.7 statuses={'200': 400}
--- level: 20 terminal(s), 20s ---
  rps=39.9 err%=0.0 p50=2.5 p90=3.5 p95=4.2 p99=18.7 max=33.8 statuses={'200': 800}

terminals     rps   err%     p50     p90     p95     p99      max
        1     2.0    0.0     2.8     3.6     4.3     4.7      4.8
        5    10.0    0.0     2.8     4.2     4.5    17.0     23.5
       10    20.0    0.0     2.5     3.7     4.1     7.2     12.7
       20    39.9    0.0     2.5     3.5     4.2    18.7     33.8

V15-PER-001 target at 20 terminals: MEETS (p95=4.2ms p99=18.7ms err%=0.0)
wrote evidence/V1-RMD-087/baseline-paced.json
