bootstrapping 20 terminal session(s) against http://alkaros-host-1:5080
  terminal 1/20 ready
  terminal 2/20 ready
  terminal 3/20 ready
  terminal 4/20 ready
  terminal 5/20 ready
  terminal 6/20 ready
  terminal 7/20 ready
  terminal 8/20 ready
  terminal 9/20 ready
  login limiter: sleeping 61s after 9 logins
  terminal 10/20 ready
  terminal 11/20 ready
  terminal 12/20 ready
  terminal 13/20 ready
  terminal 14/20 ready
  terminal 15/20 ready
  terminal 16/20 ready
  terminal 17/20 ready
  terminal 18/20 ready
  login limiter: sleeping 61s after 18 logins
  terminal 19/20 ready
  terminal 20/20 ready
--- level: 20 terminal(s), 15s ---
  rps=2437.5 err%=86.88 p50=9.5 p90=18.0 p95=21.3 p99=28.6 max=65.4 statuses={'200': 4800, '429': 31780}

terminals     rps   err%     p50     p90     p95     p99      max
       20  2437.5  86.88     9.5    18.0    21.3    28.6     65.4

V15-PER-001 target at 20 terminals: DOES NOT MEET (p95=21.3ms p99=28.6ms err%=86.88)
wrote evidence/V1-RMD-087/stress-unpaced.json
