  ALKAROS.ModuleComposition -> D:\PROJECT\ALKAROS\src\BuildingBlocks\ModuleComposition\bin\Debug\net8.0\ALKAROS.ModuleComposition.dll
  ALKAROS.Secrets -> D:\PROJECT\ALKAROS\src\BuildingBlocks\Security\Secrets\bin\Debug\net8.0\ALKAROS.Secrets.dll
  ALKAROS.IntegrationContracts -> D:\PROJECT\ALKAROS\src\BuildingBlocks\IntegrationContracts\bin\Debug\net8.0\ALKAROS.IntegrationContracts.dll
  ALKAROS.Catalog -> D:\PROJECT\ALKAROS\src\Modules\Catalog\bin\Debug\net8.0\ALKAROS.Catalog.dll
  ALKAROS.SensitiveData -> D:\PROJECT\ALKAROS\src\BuildingBlocks\Security\SensitiveData\bin\Debug\net8.0\ALKAROS.SensitiveData.dll
  ALKAROS.Messaging -> D:\PROJECT\ALKAROS\src\BuildingBlocks\Messaging\bin\Debug\net8.0\ALKAROS.Messaging.dll
  ALKAROS.Reconciliation -> D:\PROJECT\ALKAROS\src\Modules\Reconciliation\bin\Debug\net8.0\ALKAROS.Reconciliation.dll
  ALKAROS.TestHelpers -> D:\PROJECT\ALKAROS\tests\BuildingBlocks\TestHelpers\bin\Debug\net8.0\ALKAROS.TestHelpers.dll
  ALKAROS.OnlineOrdering -> D:\PROJECT\ALKAROS\src\Modules\OnlineOrdering\bin\Debug\net8.0\ALKAROS.OnlineOrdering.dll
  ALKAROS.Reconciliation.OnlineOrders.Tests -> D:\PROJECT\ALKAROS\tests\Modules\Reconciliation\OnlineOrders\bin\Debug\net8.0\ALKAROS.Reconciliation.OnlineOrders.Tests.dll
D:\PROJECT\ALKAROS\tests\Modules\Reconciliation\OnlineOrders\bin\Debug\net8.0\ALKAROS.Reconciliation.OnlineOrders.Tests.dll (.NETCoreApp,Version=v8.0) için test çalıştırması
Toplam 1 test dosyası belirtilen desenle eşleşti.
dotnet : [xUnit.net 00:00:03.44]     ALKAROS.Reconciliation.OnlineOrders.Tests.NotHandedOverSourcePairTests.TheCaseReso
lvesOnlyAfterTheOrderIsHandedOver [FAIL]
At line:1 char:621
+ ... luded.log"; dotnet test tests/Modules/Reconciliation/OnlineOrders/ALK ...
+                 ~~~~~~~~~~~~~~~~~~~~~~~~~~~~~~~~~~~~~~~~~~~~~~~~~~~~~~~~~
    + CategoryInfo          : NotSpecified: ([xUnit.net 00:0...ndedOver [FAIL]:String) [], RemoteException
    + FullyQualifiedErrorId : NativeCommandError
 
[xUnit.net 00:00:03.49]     ALKAROS.Reconciliation.OnlineOrders.Tests.NotHandedOverSourcePairTests.ARecentOrAlreadyFini
shedOrderOpensNoCase [FAIL]
  Başarısız ALKAROS.Reconciliation.OnlineOrders.Tests.NotHandedOverSourcePairTests.TheCaseResolvesOnlyAfterTheOrderIsHandedOver [537 ms]
  Hata İletisi:
   Expected resolved.Outcome to be OnlineOrderResolveOutcome.Resolved {value: 0}, but found OnlineOrderResolveOutcome.StillDiverged {value: 1}.
  Yığın İzleme:
     at FluentAssertions.Execution.XUnit2TestFramework.Throw(String message)
   at FluentAssertions.Execution.TestFrameworkProvider.Throw(String message)
   at FluentAssertions.Execution.DefaultAssertionStrategy.HandleFailure(String message)
   at FluentAssertions.Execution.AssertionScope.FailWith(Func`1 failReasonFunc)
   at FluentAssertions.Execution.AssertionScope.FailWith(Func`1 failReasonFunc)
   at FluentAssertions.Execution.AssertionScope.FailWith(String message, Object[] args)
   at FluentAssertions.Primitives.EnumAssertions`2.Be(TEnum expected, String because, Object[] becauseArgs)
   at ALKAROS.Reconciliation.OnlineOrders.Tests.NotHandedOverSourcePairTests.TheCaseResolvesOnlyAfterTheOrderIsHandedOver() in D:\PROJECT\ALKAROS\tests\Modules\Reconciliation\OnlineOrders\NotHandedOverSourcePairTests.cs:line 120
--- End of stack trace from previous location ---
  Başarısız ALKAROS.Reconciliation.OnlineOrders.Tests.NotHandedOverSourcePairTests.ARecentOrAlreadyFinishedOrderOpensNoCase [53 ms]
  Hata İletisi:
   Expected (CasesAsync(KeyOf("yemeksepeti", handedOver))) to be 0L, but found 1L (difference of 1).
  Yığın İzleme:
     at FluentAssertions.Execution.XUnit2TestFramework.Throw(String message)
   at FluentAssertions.Execution.TestFrameworkProvider.Throw(String message)
   at FluentAssertions.Execution.DefaultAssertionStrategy.HandleFailure(String message)
   at FluentAssertions.Execution.AssertionScope.FailWith(Func`1 failReasonFunc)
   at FluentAssertions.Execution.AssertionScope.FailWith(Func`1 failReasonFunc)
   at FluentAssertions.Execution.AssertionScope.FailWith(String message, Object[] args)
   at FluentAssertions.Numeric.NumericAssertions`2.Be(T expected, String because, Object[] becauseArgs)
   at ALKAROS.Reconciliation.OnlineOrders.Tests.NotHandedOverSourcePairTests.ARecentOrAlreadyFinishedOrderOpensNoCase() in D:\PROJECT\ALKAROS\tests\Modules\Reconciliation\OnlineOrders\NotHandedOverSourcePairTests.cs:line 85
--- End of stack trace from previous location ---

Başarısız! - Başarısız:     2, Başarılı:     5, Atlanan:     0, Toplam:     7, Süre: 1 s - ALKAROS.Reconciliation.OnlineOrders.Tests.dll (net8.0)
