[36mvite v8.2.2 [32mbuilding client environment for production...[36m[39m
transforming...
✓ 195 modules transformed.
rendering chunks...
computing gzip size...
dist/index.html                                                1.25 kB │ gzip:  0.61 kB
dist/assets/alkaros-logo-on-dark-CmVDjlL_.png                 32.94 kB
dist/assets/CustomerDisplayScreensaverSettings-C7nv96pV.css    0.50 kB │ gzip:  0.27 kB
dist/assets/BusinessIdentitySettings-D6KWlPnp.css              0.93 kB │ gzip:  0.43 kB
dist/assets/management-security-system-C6fZZsnO.css            2.33 kB │ gzip:  0.69 kB
dist/assets/NfcOrder-CBydcfmS.css                              4.24 kB │ gzip:  1.24 kB
dist/assets/design-system-CFu97vtJ.css                         6.32 kB │ gzip:  1.88 kB
dist/assets/index-CkekQFWV.css                                27.28 kB │ gzip:  6.86 kB
dist/assets/workspace-CHGLTdQp.css                            84.81 kB │ gzip: 12.89 kB
dist/assets/format-C2ZSrFr6.js                                 0.18 kB │ gzip:  0.14 kB
dist/assets/storage-Ck3mJz4b.js                                0.27 kB │ gzip:  0.17 kB
dist/assets/rolldown-runtime-C4N-s-pu.js                       0.47 kB │ gzip:  0.30 kB
dist/assets/SecurityAdministration-CXVf_iH3.js                 2.37 kB │ gzip:  1.00 kB
dist/assets/ReservationStation-BsbPbHO7.js                     3.21 kB │ gzip:  1.25 kB
dist/assets/NfcOrder-Afw4zp5d.js                               5.28 kB │ gzip:  1.86 kB
dist/assets/TokenTerminalSettings-DDCJqwhA.js                  5.44 kB │ gzip:  1.91 kB
dist/assets/CustomerDisplayScreensaverSettings-CeGlOTHP.js     5.96 kB │ gzip:  2.07 kB
dist/assets/RelaySettings-CXKQj-cW.js                          6.00 kB │ gzip:  1.88 kB
dist/assets/api-4GtB4rQ3.js                                    6.02 kB │ gzip:  1.84 kB
dist/assets/design-system-HFnHDsf2.js                          6.76 kB │ gzip:  2.51 kB
dist/assets/BusinessIdentitySettings-Bz7aWthC.js               7.90 kB │ gzip:  2.45 kB
dist/assets/QnbCredentialSettings-C9eeCaSz.js                  8.37 kB │ gzip:  2.74 kB
dist/assets/CustomerDisplay-D-bk2sF7.js                       10.04 kB │ gzip:  3.25 kB
dist/assets/management-security-system-Cy6zXi99.js            15.10 kB │ gzip:  4.77 kB
dist/assets/Cashier-Bhko65vS.js                               18.35 kB │ gzip:  5.69 kB
dist/assets/strings-CXlB4i03.js                               18.86 kB │ gzip:  6.80 kB
dist/assets/HubConnectionBuilder-1O9QmF_w.js                  54.78 kB │ gzip: 14.03 kB
dist/assets/index-Cq6QnHq8.js                                196.08 kB │ gzip: 61.75 kB
dist/assets/workspace-DQB1MDo5.js                            251.08 kB │ gzip: 61.12 kB

[32m✓ built in 344ms[39m
